<html>
<body>
<pre>
<h1>礦ision Build Log</h1>
<h2>Tool Versions:</h2>
IDE-Version: μVision V5.28.0.0
Copyright (C) 2019 ARM Ltd and ARM Germany GmbH. All rights reserved.
License Information: 1 1, 1, LIC=LSNXV-PQXHB-JJM6S-LXXKX-QD6AI-UNK58
 
Tool Versions:
Toolchain:       MDK-ARM Plus  Version: 5.28.0.0
Toolchain Path:  D:\MDK5\ARM\ARMCC\Bin
C Compiler:      Armcc.exe V5.06 update 6 (build 750)
Assembler:       Armasm.exe V5.06 update 6 (build 750)
Linker/Locator:  ArmLink.exe V5.06 update 6 (build 750)
Library Manager: ArmAr.exe V5.06 update 6 (build 750)
Hex Converter:   FromElf.exe V5.06 update 6 (build 750)
CPU DLL:         SARMCM3.DLL V5.28.0.0
Dialog DLL:      DCM.DLL V1.17.3.0
Target DLL:      STLink\ST-LINKIII-KEIL_SWO.dll V3.0.6.0
Dialog DLL:      TCM.DLL V1.36.2.0
 
<h2>Project:</h2>
D:\chinese\HKU\robomaster\新建文件夹\1测试版\MDK-ARM\Robot.uvprojx
Project File Date:  02/21/2024

<h2>Output:</h2>
*** Using Compiler 'V5.06 update 6 (build 750)', folder: 'D:\MDK5\ARM\ARMCC\Bin'
Rebuild target 'Robot'
assembling startup_stm32f407xx.s...
compiling detect_task.c...
compiling bsp_rc.c...
compiling bsp_usart.c...
compiling LED_Task.c...
compiling User_Task.c...
..\Robot\Tasks\User_Task.h(6): warning:  #1-D: last line of file ends without a newline
  #endif
..\Robot\Tasks\User_Task.c(8): warning:  #223-D: function "vTaskDelay" declared implicitly
          vTaskDelay(100);
..\Robot\Tasks\User_Task.c(9): warning:  #1-D: last line of file ends without a newline
  }
..\Robot\Tasks\User_Task.c: 3 warnings, 0 errors
compiling bsp_tim.c...
compiling bsp_imu_pwm.c...
compiling bsp_can.c...
..\Robot\BSP\bsp_can.c(212): warning:  #177-D: variable "pos_tmp"  was declared but never referenced
  	uint16_t pos_tmp,vel_tmp,kp_tmp,kd_tmp,tor_tmp;
..\Robot\BSP\bsp_can.c(212): warning:  #177-D: variable "vel_tmp"  was declared but never referenced
  	uint16_t pos_tmp,vel_tmp,kp_tmp,kd_tmp,tor_tmp;
..\Robot\BSP\bsp_can.c(212): warning:  #177-D: variable "kp_tmp"  was declared but never referenced
  	uint16_t pos_tmp,vel_tmp,kp_tmp,kd_tmp,tor_tmp;
..\Robot\BSP\bsp_can.c(212): warning:  #177-D: variable "kd_tmp"  was declared but never referenced
  	uint16_t pos_tmp,vel_tmp,kp_tmp,kd_tmp,tor_tmp;
..\Robot\BSP\bsp_can.c(237): warning:  #177-D: variable "pos_tmp"  was declared but never referenced
  	uint16_t pos_tmp,vel_tmp,kp_tmp,kd_tmp,tor_tmp;
..\Robot\BSP\bsp_can.c(237): warning:  #177-D: variable "vel_tmp"  was declared but never referenced
  	uint16_t pos_tmp,vel_tmp,kp_tmp,kd_tmp,tor_tmp;
..\Robot\BSP\bsp_can.c(237): warning:  #177-D: variable "kp_tmp"  was declared but never referenced
  	uint16_t pos_tmp,vel_tmp,kp_tmp,kd_tmp,tor_tmp;
..\Robot\BSP\bsp_can.c(237): warning:  #177-D: variable "kd_tmp"  was declared but never referenced
  	uint16_t pos_tmp,vel_tmp,kp_tmp,kd_tmp,tor_tmp;
..\Robot\BSP\bsp_can.c: 8 warnings, 0 errors
compiling bsp_delay.c...
compiling bsp_spi.c...
compiling Chassis_Task.c...
..\Robot\Tasks\Chassis_Task.c(87): warning:  #1035-D: single-precision operand implicitly converted to double-precision
  	wheel_speed[0] = -(-vx_set*sqrt(2) - vy_set*sqrt(2) + wz_set * 0.4)/0.0763;
..\Robot\Tasks\Chassis_Task.c(88): warning:  #1035-D: single-precision operand implicitly converted to double-precision
  	wheel_speed[1] = -(vx_set*sqrt(2) - vy_set*sqrt(2) + wz_set * 0.4)/0.0763;
..\Robot\Tasks\Chassis_Task.c(89): warning:  #1035-D: single-precision operand implicitly converted to double-precision
  	wheel_speed[2] = -(vx_set*sqrt(2) + vy_set*sqrt(2) + wz_set * 0.4)/0.0763;
..\Robot\Tasks\Chassis_Task.c(90): warning:  #1035-D: single-precision operand implicitly converted to double-precision
  	wheel_speed[3] = -(-vx_set*sqrt(2) + vy_set*sqrt(2) + wz_set * 0.4)/0.0763;
..\Robot\Tasks\Chassis_Task.c(105): warning:  #177-D: function "Chassis_Byte_Calculator"  was declared but never referenced
  static uint16_t Chassis_Byte_Calculator(uint16_t input) {
..\Robot\Tasks\Chassis_Task.c: 5 warnings, 0 errors
compiling Shoot_Task.c...
..\Robot\Tasks\USB_Task.h(19): warning:  #1295-D: Deprecated declaration sys_time_update - give arg types
  static void sys_time_update();
..\Robot\Tasks\USB_Task.h(20): warning:  #1295-D: Deprecated declaration pitch_angle_update - give arg types
  static void pitch_angle_update();
..\Robot\Tasks\USB_Task.h(21): warning:  #1295-D: Deprecated declaration yaw_angle_update - give arg types
  static void yaw_angle_update();
..\Robot\Tasks\USB_Task.h(22): warning:  #1295-D: Deprecated declaration velocity_update - give arg types
  static void velocity_update();
..\Robot\Tasks\USB_Task.h(23): warning:  #1295-D: Deprecated declaration angular_speed_update - give arg types
  static void angular_speed_update();
..\Robot\Tasks\Shoot_Task.c(83): warning:  #47-D: incompatible redefinition of macro "pos_kp"  (declared at line 81)
  #define pos_kp 2.0f
..\Robot\Tasks\Shoot_Task.c(151): warning:  #177-D: function "CAN_test_CMD"  was declared but never referenced
  static void CAN_test_CMD(int16_t motor5, int16_t motor6, int16_t motor7, int16_t motor8)
..\Robot\Tasks\Shoot_Task.c: 7 warnings, 0 errors
compiling INS_Task.c...
compiling USB_Task.c...
..\Robot\Tasks\USB_Task.h(19): warning:  #1295-D: Deprecated declaration sys_time_update - give arg types
  static void sys_time_update();
..\Robot\Tasks\USB_Task.h(20): warning:  #1295-D: Deprecated declaration pitch_angle_update - give arg types
  static void pitch_angle_update();
..\Robot\Tasks\USB_Task.h(21): warning:  #1295-D: Deprecated declaration yaw_angle_update - give arg types
  static void yaw_angle_update();
..\Robot\Tasks\USB_Task.h(22): warning:  #1295-D: Deprecated declaration velocity_update - give arg types
  static void velocity_update();
..\Robot\Tasks\USB_Task.h(23): warning:  #1295-D: Deprecated declaration angular_speed_update - give arg types
  static void angular_speed_update();
..\Robot\Tasks\USB_Task.c(87): warning:  #177-D: variable "velocity_data"  was declared but never referenced
      union fp32_buf_t velocity_data;
..\Robot\Tasks\USB_Task.c(117): warning:  #1-D: last line of file ends without a newline
  }
..\Robot\Tasks\USB_Task.c(105): warning:  #177-D: variable "angular_data"  was declared but never referenced
      union fp32_buf_t angular_data;
..\Robot\Tasks\USB_Task.c: 8 warnings, 0 errors
compiling ist8310driver.c...
compiling Gantry_Task.c...
..\Robot\Tasks\USB_Task.h(19): warning:  #1295-D: Deprecated declaration sys_time_update - give arg types
  static void sys_time_update();
..\Robot\Tasks\USB_Task.h(20): warning:  #1295-D: Deprecated declaration pitch_angle_update - give arg types
  static void pitch_angle_update();
..\Robot\Tasks\USB_Task.h(21): warning:  #1295-D: Deprecated declaration yaw_angle_update - give arg types
  static void yaw_angle_update();
..\Robot\Tasks\USB_Task.h(22): warning:  #1295-D: Deprecated declaration velocity_update - give arg types
  static void velocity_update();
..\Robot\Tasks\USB_Task.h(23): warning:  #1295-D: Deprecated declaration angular_speed_update - give arg types
  static void angular_speed_update();
..\Robot\Tasks\Gantry_Task.c: 5 warnings, 0 errors
compiling BMI088Middleware.c...
compiling fifo.c...
compiling remote_control.c...
compiling CRC8_CRC16.c...
compiling pid.c...
compiling BMI088driver.c...
compiling ist8310driver_middleware.c...
compiling referee.c...
compiling main.c...
compiling Referee_Task.c...
compiling gpio.c...
compiling freertos.c...
../Robot/Tasks/USB_Task.h(19): warning:  #1295-D: Deprecated declaration sys_time_update - give arg types
  static void sys_time_update();
../Robot/Tasks/USB_Task.h(20): warning:  #1295-D: Deprecated declaration pitch_angle_update - give arg types
  static void pitch_angle_update();
../Robot/Tasks/USB_Task.h(21): warning:  #1295-D: Deprecated declaration yaw_angle_update - give arg types
  static void yaw_angle_update();
../Robot/Tasks/USB_Task.h(22): warning:  #1295-D: Deprecated declaration velocity_update - give arg types
  static void velocity_update();
../Robot/Tasks/USB_Task.h(23): warning:  #1295-D: Deprecated declaration angular_speed_update - give arg types
  static void angular_speed_update();
../Src/freertos.c: 5 warnings, 0 errors
compiling can.c...
compiling spi.c...
compiling usart.c...
compiling usbd_desc.c...
compiling usbd_conf.c...
compiling stm32f4xx_it.c...
compiling dma.c...
compiling usb_device.c...
compiling i2c.c...
compiling tim.c...
compiling usbd_cdc_if.c...
../Robot/Tasks/USB_Task.h(19): warning:  #1295-D: Deprecated declaration sys_time_update - give arg types
  static void sys_time_update();
../Robot/Tasks/USB_Task.h(20): warning:  #1295-D: Deprecated declaration pitch_angle_update - give arg types
  static void pitch_angle_update();
../Robot/Tasks/USB_Task.h(21): warning:  #1295-D: Deprecated declaration yaw_angle_update - give arg types
  static void yaw_angle_update();
../Robot/Tasks/USB_Task.h(22): warning:  #1295-D: Deprecated declaration velocity_update - give arg types
  static void velocity_update();
../Robot/Tasks/USB_Task.h(23): warning:  #1295-D: Deprecated declaration angular_speed_update - give arg types
  static void angular_speed_update();
../Src/usbd_cdc_if.c: 5 warnings, 0 errors
compiling stm32f4xx_hal_pcd_ex.c...
compiling stm32f4xx_hal_pcd.c...
compiling stm32f4xx_hal_rcc_ex.c...
compiling stm32f4xx_hal_timebase_tim.c...
compiling stm32f4xx_hal_msp.c...
compiling stm32f4xx_hal_flash_ex.c...
compiling AHRS_middleware.c...
compiling stm32f4xx_hal_rcc.c...
compiling stm32f4xx_hal_flash.c...
compiling stm32f4xx_ll_usb.c...
compiling stm32f4xx_hal_flash_ramfunc.c...
compiling stm32f4xx_hal_gpio.c...
compiling stm32f4xx_hal_dma_ex.c...
compiling stm32f4xx_hal_exti.c...
compiling stm32f4xx_hal_pwr_ex.c...
compiling stm32f4xx_hal_can.c...
compiling stm32f4xx_hal_cortex.c...
compiling croutine.c...
compiling event_groups.c...
compiling stm32f4xx_hal.c...
compiling stm32f4xx_hal_pwr.c...
compiling stm32f4xx_hal_i2c.c...
compiling stm32f4xx_hal_i2c_ex.c...
compiling list.c...
compiling stream_buffer.c...
compiling queue.c...
compiling stm32f4xx_hal_dma.c...
compiling tasks.c...
compiling timers.c...
compiling stm32f4xx_hal_spi.c...
compiling heap_4.c...
compiling port.c...
compiling cmsis_os.c...
compiling stm32f4xx_hal_tim_ex.c...
compiling BasicMathFunctions.c...
compiling system_stm32f4xx.c...
compiling CommonTables.c...
compiling ComplexMathFunctions.c...
compiling stm32f4xx_hal_uart.c...
compiling ControllerFunctions.c...
compiling FastMathFunctions.c...
compiling stm32f4xx_hal_tim.c...
compiling StatisticsFunctions.c...
compiling SupportFunctions.c...
compiling MatrixFunctions.c...
compiling usbd_ctlreq.c...
compiling usbd_ioreq.c...
compiling usbd_core.c...
compiling usbd_cdc.c...
compiling FilteringFunctions.c...
compiling TransformFunctions.c...
linking...
Program Size: Code=58368 RO-data=3840 RW-data=916 ZI-data=59068  
FromELF: creating hex file...
"Robot\Robot.axf" - 0 Error(s), 46 Warning(s).

<h2>Software Packages used:</h2>

Package Vendor: ARM
                http://www.keil.com/pack/ARM.CMSIS.5.5.1.pack
                ARM.CMSIS.5.5.1
                CMSIS (Cortex Microcontroller Software Interface Standard)
   * Component: CORE Version: 5.2.0
   * Component: DSP Variant: Source Version: 1.6.0

Package Vendor: Keil
                http://www.keil.com/pack/Keil.STM32F4xx_DFP.2.13.0.pack
                Keil.STM32F4xx_DFP.2.13.0
                STMicroelectronics STM32F4 Series Device Support, Drivers and Examples

<h2>Collection of Component include folders:</h2>
  .\RTE\_Robot
  D:\MDK5\ARM\CMSIS\5.5.1\CMSIS\Core\Include
  D:\MDK5\ARM\CMSIS\5.5.1\CMSIS\DSP\Include
  D:\MDK5\Keil\STM32F4xx_DFP\2.13.0\Drivers\CMSIS\Device\ST\STM32F4xx\Include

<h2>Collection of Component Files used:</h2>

   * Component: ARM::CMSIS:CORE:5.2.0

   * Component: ARM::CMSIS:DSP:Source:1.6.0
      Source file:   CMSIS\DSP\Source\BasicMathFunctions\BasicMathFunctions.c
      Source file:   CMSIS\DSP\Source\CommonTables\CommonTables.c
      Source file:   CMSIS\DSP\Source\FastMathFunctions\FastMathFunctions.c
      Source file:   CMSIS\DSP\Source\MatrixFunctions\MatrixFunctions.c
      Source file:   CMSIS\DSP\Source\StatisticsFunctions\StatisticsFunctions.c
      Source file:   CMSIS\DSP\Source\ComplexMathFunctions\ComplexMathFunctions.c
      Include file:  CMSIS\DSP\Include\arm_math.h
      Source file:   CMSIS\DSP\Source\FilteringFunctions\FilteringFunctions.c
      Source file:   CMSIS\DSP\Source\ControllerFunctions\ControllerFunctions.c
      Source file:   CMSIS\DSP\Source\SupportFunctions\SupportFunctions.c
      Source file:   CMSIS\DSP\Source\TransformFunctions\TransformFunctions.c
Build Time Elapsed:  00:01:02
</pre>
</body>
</html>
