Component: ARM Compiler 5.06 update 6 (build 750) Tool: armlink [4d35ed]

==============================================================================

Section Cross References

    startup_stm32f407xx.o(STACK) refers (Special) to heapauxi.o(.text) for __use_two_region_memory
    startup_stm32f407xx.o(HEAP) refers (Special) to heapauxi.o(.text) for __use_two_region_memory
    startup_stm32f407xx.o(RESET) refers (Special) to heapauxi.o(.text) for __use_two_region_memory
    startup_stm32f407xx.o(RESET) refers to startup_stm32f407xx.o(STACK) for __initial_sp
    startup_stm32f407xx.o(RESET) refers to startup_stm32f407xx.o(.text) for Reset_Handler
    startup_stm32f407xx.o(RESET) refers to stm32f4xx_it.o(i.NMI_Handler) for NMI_Handler
    startup_stm32f407xx.o(RESET) refers to stm32f4xx_it.o(i.HardFault_Handler) for HardFault_Handler
    startup_stm32f407xx.o(RESET) refers to stm32f4xx_it.o(i.MemManage_Handler) for MemManage_Handler
    startup_stm32f407xx.o(RESET) refers to stm32f4xx_it.o(i.BusFault_Handler) for BusFault_Handler
    startup_stm32f407xx.o(RESET) refers to stm32f4xx_it.o(i.UsageFault_Handler) for UsageFault_Handler
    startup_stm32f407xx.o(RESET) refers to port.o(.emb_text) for SVC_Handler
    startup_stm32f407xx.o(RESET) refers to stm32f4xx_it.o(i.DebugMon_Handler) for DebugMon_Handler
    startup_stm32f407xx.o(RESET) refers to port.o(i.SysTick_Handler) for SysTick_Handler
    startup_stm32f407xx.o(RESET) refers to stm32f4xx_it.o(i.EXTI0_IRQHandler) for EXTI0_IRQHandler
    startup_stm32f407xx.o(RESET) refers to stm32f4xx_it.o(i.EXTI3_IRQHandler) for EXTI3_IRQHandler
    startup_stm32f407xx.o(RESET) refers to stm32f4xx_it.o(i.EXTI4_IRQHandler) for EXTI4_IRQHandler
    startup_stm32f407xx.o(RESET) refers to stm32f4xx_it.o(i.DMA1_Stream1_IRQHandler) for DMA1_Stream1_IRQHandler
    startup_stm32f407xx.o(RESET) refers to stm32f4xx_it.o(i.CAN1_RX0_IRQHandler) for CAN1_RX0_IRQHandler
    startup_stm32f407xx.o(RESET) refers to stm32f4xx_it.o(i.EXTI9_5_IRQHandler) for EXTI9_5_IRQHandler
    startup_stm32f407xx.o(RESET) refers to stm32f4xx_it.o(i.TIM2_IRQHandler) for TIM2_IRQHandler
    startup_stm32f407xx.o(RESET) refers to remote_control.o(i.USART3_IRQHandler) for USART3_IRQHandler
    startup_stm32f407xx.o(RESET) refers to stm32f4xx_it.o(i.TIM8_TRG_COM_TIM14_IRQHandler) for TIM8_TRG_COM_TIM14_IRQHandler
    startup_stm32f407xx.o(RESET) refers to stm32f4xx_it.o(i.DMA2_Stream1_IRQHandler) for DMA2_Stream1_IRQHandler
    startup_stm32f407xx.o(RESET) refers to ins_task.o(i.DMA2_Stream2_IRQHandler) for DMA2_Stream2_IRQHandler
    startup_stm32f407xx.o(RESET) refers to stm32f4xx_it.o(i.DMA2_Stream3_IRQHandler) for DMA2_Stream3_IRQHandler
    startup_stm32f407xx.o(RESET) refers to stm32f4xx_it.o(i.CAN2_RX0_IRQHandler) for CAN2_RX0_IRQHandler
    startup_stm32f407xx.o(RESET) refers to stm32f4xx_it.o(i.OTG_FS_IRQHandler) for OTG_FS_IRQHandler
    startup_stm32f407xx.o(RESET) refers to stm32f4xx_it.o(i.DMA2_Stream6_IRQHandler) for DMA2_Stream6_IRQHandler
    startup_stm32f407xx.o(RESET) refers to referee_task.o(i.USART6_IRQHandler) for USART6_IRQHandler
    startup_stm32f407xx.o(.text) refers (Special) to heapauxi.o(.text) for __use_two_region_memory
    startup_stm32f407xx.o(.text) refers to system_stm32f4xx.o(i.SystemInit) for SystemInit
    startup_stm32f407xx.o(.text) refers to __main.o(!!!main) for __main
    startup_stm32f407xx.o(.text) refers to startup_stm32f407xx.o(HEAP) for Heap_Mem
    startup_stm32f407xx.o(.text) refers to startup_stm32f407xx.o(STACK) for Stack_Mem
    bsp_delay.o(i.delay_init) refers to system_stm32f4xx.o(.data) for SystemCoreClock
    bsp_delay.o(i.delay_init) refers to bsp_delay.o(.data) for .data
    bsp_delay.o(i.delay_ms) refers to bsp_delay.o(.data) for .data
    bsp_delay.o(i.delay_us) refers to bsp_delay.o(.data) for .data
    bsp_imu_pwm.o(i.imu_pwm_set) refers to tim.o(.bss) for htim10
    bsp_spi.o(i.SPI1_DMA_enable) refers to spi.o(.bss) for hdma_spi1_rx
    bsp_spi.o(i.SPI1_DMA_init) refers to spi.o(.bss) for hspi1
    bsp_rc.o(i.RC_Init) refers to usart.o(.bss) for huart3
    bsp_rc.o(i.RC_restart) refers to usart.o(.bss) for huart3
    bsp_rc.o(i.RC_unable) refers to usart.o(.bss) for huart3
    bsp_can.o(i.CAN_DM_CMD_PITCH) refers to bsp_can.o(i.float_to_uint) for float_to_uint
    bsp_can.o(i.CAN_DM_CMD_PITCH) refers to stm32f4xx_hal_can.o(i.HAL_CAN_AddTxMessage) for HAL_CAN_AddTxMessage
    bsp_can.o(i.CAN_DM_CMD_PITCH) refers to can.o(.bss) for hcan1
    bsp_can.o(i.CAN_DM_CMD_YAW) refers to bsp_can.o(i.float_to_uint) for float_to_uint
    bsp_can.o(i.CAN_DM_CMD_YAW) refers to stm32f4xx_hal_can.o(i.HAL_CAN_AddTxMessage) for HAL_CAN_AddTxMessage
    bsp_can.o(i.CAN_DM_CMD_YAW) refers to can.o(.bss) for hcan1
    bsp_can.o(i.DM_Pitch_Enable_Motor) refers to stm32f4xx_hal_can.o(i.HAL_CAN_AddTxMessage) for HAL_CAN_AddTxMessage
    bsp_can.o(i.DM_Pitch_Enable_Motor) refers to can.o(.bss) for hcan1
[...]
    gyro_dma_tx_buf                          0x20000040   Data           8  ins_task.o(.data)
    gyro_dma_rx_buf                          0x20000048   Data           8  ins_task.o(.data)
    accel_dma_tx_buf                         0x20000050   Data           9  ins_task.o(.data)
    gyro_scale_factor                        0x2000005c   Data          36  ins_task.o(.data)
    accel_scale_factor                       0x20000080   Data          36  ins_task.o(.data)
    mag_scale_factor                         0x200000a4   Data          36  ins_task.o(.data)
    cnt_10                                   0x200000c8   Data           4  led_task.o(.data)
    chassis_can_send_data                    0x200000cc   Data           8  chassis_task.o(.data)
    Y_move_3508_Count_number                 0x200000d4   Data           1  shoot_task.o(.data)
    X_move_2006_Count_number                 0x200000d5   Data           1  shoot_task.o(.data)
    count_number                             0x200000d6   Data           1  shoot_task.o(.data)
    uwTick_Up_Platform_Set_Point             0x200000d8   Data           4  shoot_task.o(.data)
    X_and_Y_move_can_send_data               0x200000dc   Data           8  shoot_task.o(.data)
    Count_number                             0x200000ec   Data           1  gantry_task.o(.data)
    uwTick_Key_Set_Point                     0x200000f0   Data           4  gantry_task.o(.data)
    gantry_can_send_data                     0x200000f4   Data           8  gantry_task.o(.data)
    current_mode                             0x200000fc   Data           1  remote_control.o(.data)
    last_mode                                0x200000fd   Data           1  remote_control.o(.data)
    Mining_mode                              0x200000fe   Data           1  remote_control.o(.data)
    Debug_mode                               0x200000ff   Data           1  remote_control.o(.data)
    Redemption_mode                          0x20000100   Data           1  remote_control.o(.data)
    control_flag                             0x20000101   Data           1  remote_control.o(.data)
    control_open                             0x20000102   Data           1  remote_control.o(.data)
    control_close                            0x20000103   Data           1  remote_control.o(.data)
    game_result                              0x20000106   Data           1  referee.o(.data)
    buff_musk_t                              0x20000107   Data           1  referee.o(.data)
    robot_hurt_t                             0x20000108   Data           1  referee.o(.data)
    bullet_remaining_t                       0x20000109   Data           1  referee.o(.data)
    referee_warning_t                        0x2000010a   Data           2  referee.o(.data)
    robot_energy_t                           0x2000010c   Data           2  referee.o(.data)
    game_state                               0x2000010e   Data           3  referee.o(.data)
    supply_projectile_booking_t              0x20000111   Data           3  referee.o(.data)
    field_event                              0x20000114   Data           4  referee.o(.data)
    supply_projectile_action_t               0x20000118   Data           4  referee.o(.data)
    referee_receive_header                   0x2000011c   Data           5  referee.o(.data)
    referee_send_header                      0x20000121   Data           5  referee.o(.data)
    shoot_data_t                             0x20000126   Data           7  referee.o(.data)
    CRC16_INIT                               0x2000012e   Data           2  crc8_crc16.o(.data)
    BMI088_ACCEL_SEN                         0x20000130   Data           4  bmi088driver.o(.data)
    BMI088_GYRO_SEN                          0x20000134   Data           4  bmi088driver.o(.data)
    INS_TASKHandle                           0x2000015c   Data           4  freertos.o(.data)
    LED_TASKHandle                           0x20000160   Data           4  freertos.o(.data)
    Chassis_TASKHandle                       0x20000164   Data           4  freertos.o(.data)
    Gantry_TASKHandle                        0x20000168   Data           4  freertos.o(.data)
    Shoot_TASKHandle                         0x2000016c   Data           4  freertos.o(.data)
    USB_TASKHandle                           0x20000170   Data           4  freertos.o(.data)
    Referee_TASKHandle                       0x20000174   Data           4  freertos.o(.data)
    User_TASKHandle                          0x20000178   Data           4  freertos.o(.data)
    FS_Desc                                  0x20000180   Data          28  usbd_desc.o(.data)
    USBD_LangIDDesc                          0x2000019c   Data           4  usbd_desc.o(.data)
    USBD_FS_DeviceDesc                       0x200001a0   Data          18  usbd_desc.o(.data)
    USBD_StringSerial                        0x200001b4   Data          26  usbd_desc.o(.data)
    USBD_Interface_fops_FS                   0x200001d0   Data          20  usbd_cdc_if.o(.data)
    uwTickFreq                               0x200001e4   Data           1  stm32f4xx_hal.o(.data)
    uwTickPrio                               0x200001e8   Data           4  stm32f4xx_hal.o(.data)
    uwTick                                   0x200001ec   Data           4  stm32f4xx_hal.o(.data)
    SystemCoreClock                          0x200001f0   Data           4  system_stm32f4xx.o(.data)
    pxCurrentTCB                             0x200001f4   Data           4  tasks.o(.data)
    USBD_CDC                                 0x2000034c   Data          56  usbd_cdc.o(.data)
    motor_measure_chassis                    0x20000394   Data          40  bsp_can.o(.bss)
    motor_measure_gantry                     0x200003bc   Data          20  bsp_can.o(.bss)
    motor_measure_Y_move_3508                0x200003d0   Data          10  bsp_can.o(.bss)
    motor_measure_X_move_2006                0x200003da   Data          10  bsp_can.o(.bss)
    motor_measure_roll_2006                  0x200003e4   Data          10  bsp_can.o(.bss)
    motor_measure_DM                         0x200003f0   Data          96  bsp_can.o(.bss)
    INS_angle                                0x200004a8   Data          12  ins_task.o(.bss)
    INS_angle_deg                            0x200004b4   Data          12  ins_task.o(.bss)
    accel_dma_rx_buf                         0x200004c0   Data           9  ins_task.o(.bss)
    bmi088_real_data                         0x200004cc   Data          36  ins_task.o(.bss)
    bmi088_offset_data                       0x200004f0   Data          36  ins_task.o(.bss)
    gyro_offset                              0x20000514   Data          12  ins_task.o(.bss)
    gyro_cali_offset                         0x20000520   Data          12  ins_task.o(.bss)
    accel_offset                             0x2000052c   Data          12  ins_task.o(.bss)
    ist8310_real_data                        0x20000538   Data          16  ins_task.o(.bss)
    mag_offset                               0x20000548   Data          12  ins_task.o(.bss)
    error_list                               0x2000059c   Data         504  detect_task.o(.bss)
    chassis_tx_message                       0x20000794   Data          24  chassis_task.o(.bss)
    chassis_m3508                            0x200007ac   Data         336  chassis_task.o(.bss)
    chassis_control                          0x200008fc   Data          92  chassis_task.o(.bss)
    X_and_Y_move_tx_message                  0x20000958   Data          24  shoot_task.o(.bss)
    x_move_m2006                             0x20000970   Data         436  shoot_task.o(.bss)
    y_move_m3508                             0x20000b24   Data         436  shoot_task.o(.bss)
    roll_2006                                0x20000cd8   Data         436  shoot_task.o(.bss)
    yaw_DM                                   0x20000e8c   Data         172  shoot_task.o(.bss)
    pitch_DM                                 0x20000f38   Data         172  shoot_task.o(.bss)
    txbuf                                    0x20000fe4   Data          26  usb_task.o(.bss)
    vision_rx                                0x20000ffe   Data          10  usb_task.o(.bss)
    usart6_buf                               0x20001008   Data        1024  referee_task.o(.bss)
    referee_fifo                             0x20001408   Data          24  referee_task.o(.bss)
    referee_fifo_buf                         0x20001420   Data        1024  referee_task.o(.bss)
    referee_unpack_obj                       0x20001820   Data         137  referee_task.o(.bss)
    gimbal_control                           0x200018ac   Data         884  gantry_task.o(.bss)
    gantry_tx_message                        0x20001c20   Data          24  gantry_task.o(.bss)
    gantry_control                           0x20001c38   Data         884  gantry_task.o(.bss)
    rc_ctrl                                  0x20001fac   Data          22  remote_control.o(.bss)
    game_robot_HP_t                          0x2000200a   Data          28  referee.o(.bss)
    robot_state                              0x20002026   Data          27  referee.o(.bss)
    power_heat_data_t                        0x20002041   Data          16  referee.o(.bss)
    game_robot_pos_t                         0x20002051   Data          16  referee.o(.bss)
    student_interactive_data_t               0x20002061   Data          12  referee.o(.bss)
    hcan1                                    0x20002718   Data          40  can.o(.bss)
    hcan2                                    0x20002740   Data          40  can.o(.bss)
    hi2c3                                    0x20002768   Data          84  i2c.o(.bss)
    hspi1                                    0x200027bc   Data          88  spi.o(.bss)
    hdma_spi1_rx                             0x20002814   Data          96  spi.o(.bss)
    hdma_spi1_tx                             0x20002874   Data          96  spi.o(.bss)
    htim1                                    0x200028d4   Data          72  tim.o(.bss)
    htim3                                    0x2000291c   Data          72  tim.o(.bss)
    htim8                                    0x20002964   Data          72  tim.o(.bss)
    htim10                                   0x200029ac   Data          72  tim.o(.bss)
    htim12                                   0x200029f4   Data          72  tim.o(.bss)
    htim14                                   0x20002a3c   Data          72  tim.o(.bss)
    huart1                                   0x20002a84   Data          68  usart.o(.bss)
    huart3                                   0x20002ac8   Data          68  usart.o(.bss)
    huart6                                   0x20002b0c   Data          68  usart.o(.bss)
    hdma_usart3_rx                           0x20002b50   Data          96  usart.o(.bss)
    hdma_usart6_rx                           0x20002bb0   Data          96  usart.o(.bss)
    hdma_usart6_tx                           0x20002c10   Data          96  usart.o(.bss)
    hUsbDeviceFS                             0x20002c70   Data         720  usb_device.o(.bss)
    hpcd_USB_OTG_FS                          0x20003160   Data        1032  usbd_conf.o(.bss)
    USBD_StrDesc                             0x20003568   Data         512  usbd_desc.o(.bss)
    UserRxBufferFS                           0x20003768   Data        2048  usbd_cdc_if.o(.bss)
    UserTxBufferFS                           0x20003f68   Data        2048  usbd_cdc_if.o(.bss)
    htim2                                    0x20004768   Data          72  stm32f4xx_hal_timebase_tim.o(.bss)
    xQueueRegistry                           0x200047b0   Data          64  queue.o(.bss)
    __libspace_start                         0x2000a9f0   Data          96  libspace.o(.bss)
    __temporary_stack_top$libspace           0x2000aa50   Data           0  libspace.o(.bss)



==============================================================================

Memory Map of the image

  Image Entry point : 0x08000189

  Load Region LR_IROM1 (Base: 0x08000000, Size: 0x0000f694, Max: 0x00100000, ABSOLUTE, COMPRESSED[0x0000f430])

    Execution Region ER_IROM1 (Exec base: 0x08000000, Load base: 0x08000000, Size: 0x0000f300, Max: 0x00100000, ABSOLUTE)

    Exec Addr    Load Addr    Size         Type   Attr      Idx    E Section Name        Object

    0x08000000   0x08000000   0x00000188   Data   RO            3    RESET               startup_stm32f407xx.o
    0x08000188   0x08000188   0x00000008   Code   RO        12689  * !!!main             c_w.l(__main.o)
    0x08000190   0x08000190   0x00000034   Code   RO        13041    !!!scatter          c_w.l(__scatter.o)
    0x080001c4   0x080001c4   0x0000005a   Code   RO        13039    !!dczerorl2         c_w.l(__dczerorl2.o)
    0x0800021e   0x0800021e   0x00000002   PAD
    0x08000220   0x08000220   0x0000001c   Code   RO        13043    !!handler_zi        c_w.l(__scatter_zi.o)
    0x0800023c   0x0800023c   0x00000002   Code   RO        12978    .ARM.Collect$$libinit$$00000000  c_w.l(libinit.o)
    0x0800023e   0x0800023e   0x00000004   Code   RO        12825    .ARM.Collect$$libinit$$00000001  c_w.l(libinit2.o)
    0x08000242   0x08000242   0x00000000   Code   RO        12828    .ARM.Collect$$libinit$$00000004  c_w.l(libinit2.o)
    0x08000242   0x08000242   0x00000000   Code   RO        12831    .ARM.Collect$$libinit$$0000000A  c_w.l(libinit2.o)
    0x08000242   0x08000242   0x00000000   Code   RO        12833    .ARM.Collect$$libinit$$0000000C  c_w.l(libinit2.o)
    0x08000242   0x08000242   0x00000000   Code   RO        12835    .ARM.Collect$$libinit$$0000000E  c_w.l(libinit2.o)
    0x08000242   0x08000242   0x00000000   Code   RO        12838    .ARM.Collect$$libinit$$00000011  c_w.l(libinit2.o)
    0x08000242   0x08000242   0x00000000   Code   RO        12840    .ARM.Collect$$libinit$$00000013  c_w.l(libinit2.o)
    0x08000242   0x08000242   0x00000000   Code   RO        12842    .ARM.Collect$$libinit$$00000015  c_w.l(libinit2.o)
    0x08000242   0x08000242   0x00000000   Code   RO        12844    .ARM.Collect$$libinit$$00000017  c_w.l(libinit2.o)
    0x08000242   0x08000242   0x00000000   Code   RO        12846    .ARM.Collect$$libinit$$00000019  c_w.l(libinit2.o)
    0x08000242   0x08000242   0x00000000   Code   RO        12848    .ARM.Collect$$libinit$$0000001B  c_w.l(libinit2.o)
    0x08000242   0x08000242   0x00000000   Code   RO        12850    .ARM.Collect$$libinit$$0000001D  c_w.l(libinit2.o)
    0x08000242   0x08000242   0x00000000   Code   RO        12852    .ARM.Collect$$libinit$$0000001F  c_w.l(libinit2.o)
    0x08000242   0x08000242   0x00000000   Code   RO        12854    .ARM.Collect$$libinit$$00000021  c_w.l(libinit2.o)
    0x08000242   0x08000242   0x00000000   Code   RO        12856    .ARM.Collect$$libinit$$00000023  c_w.l(libinit2.o)
    0x08000242   0x08000242   0x00000000   Code   RO        12858    .ARM.Collect$$libinit$$00000025  c_w.l(libinit2.o)
    0x08000242   0x08000242   0x00000000   Code   RO        12862    .ARM.Collect$$libinit$$0000002C  c_w.l(libinit2.o)
    0x08000242   0x08000242   0x00000000   Code   RO        12864    .ARM.Collect$$libinit$$0000002E  c_w.l(libinit2.o)
    0x08000242   0x08000242   0x00000000   Code   RO        12866    .ARM.Collect$$libinit$$00000030  c_w.l(libinit2.o)
    0x08000242   0x08000242   0x00000000   Code   RO        12868    .ARM.Collect$$libinit$$00000032  c_w.l(libinit2.o)
    0x08000242   0x08000242   0x00000002   Code   RO        12869    .ARM.Collect$$libinit$$00000033  c_w.l(libinit2.o)
    0x08000244   0x08000244   0x00000002   Code   RO        13036    .ARM.Collect$$libshutdown$$00000000  c_w.l(libshutdown.o)
    0x08000246   0x08000246   0x00000000   Code   RO        12994    .ARM.Collect$$libshutdown$$00000002  c_w.l(libshutdown2.o)
    0x08000246   0x08000246   0x00000000   Code   RO        12996    .ARM.Collect$$libshutdown$$00000004  c_w.l(libshutdown2.o)
    0x08000246   0x08000246   0x00000000   Code   RO        12999    .ARM.Collect$$libshutdown$$00000007  c_w.l(libshutdown2.o)
    0x08000246   0x08000246   0x00000000   Code   RO        13002    .ARM.Collect$$libshutdown$$0000000A  c_w.l(libshutdown2.o)
    0x08000246   0x08000246   0x00000000   Code   RO        13004    .ARM.Collect$$libshutdown$$0000000C  c_w.l(libshutdown2.o)
    0x08000246   0x08000246   0x00000000   Code   RO        13007    .ARM.Collect$$libshutdown$$0000000F  c_w.l(libshutdown2.o)
    0x08000246   0x08000246   0x00000002   Code   RO        13008    .ARM.Collect$$libshutdown$$00000010  c_w.l(libshutdown2.o)
    0x08000248   0x08000248   0x00000000   Code   RO        12791    .ARM.Collect$$rtentry$$00000000  c_w.l(__rtentry.o)
    0x08000248   0x08000248   0x00000000   Code   RO        12910    .ARM.Collect$$rtentry$$00000002  c_w.l(__rtentry2.o)
    0x08000248   0x08000248   0x00000006   Code   RO        12922    .ARM.Collect$$rtentry$$00000004  c_w.l(__rtentry4.o)
    0x0800024e   0x0800024e   0x00000000   Code   RO        12912    .ARM.Collect$$rtentry$$00000009  c_w.l(__rtentry2.o)
    0x0800024e   0x0800024e   0x00000004   Code   RO        12913    .ARM.Collect$$rtentry$$0000000A  c_w.l(__rtentry2.o)
    0x08000252   0x08000252   0x00000000   Code   RO        12915    .ARM.Collect$$rtentry$$0000000C  c_w.l(__rtentry2.o)
    0x08000252   0x08000252   0x00000008   Code   RO        12916    .ARM.Collect$$rtentry$$0000000D  c_w.l(__rtentry2.o)
    0x0800025a   0x0800025a   0x00000002   Code   RO        12981    .ARM.Collect$$rtexit$$00000000  c_w.l(rtexit.o)
    0x0800025c   0x0800025c   0x00000000   Code   RO        13012    .ARM.Collect$$rtexit$$00000002  c_w.l(rtexit2.o)
    0x0800025c   0x0800025c   0x00000004   Code   RO        13013    .ARM.Collect$$rtexit$$00000003  c_w.l(rtexit2.o)
    0x08000260   0x08000260   0x00000006   Code   RO        13014    .ARM.Collect$$rtexit$$00000004  c_w.l(rtexit2.o)
    0x08000266   0x08000266   0x00000002   PAD
    0x08000268   0x08000268   0x000000be   Code   RO         9004    .emb_text           port.o
    0x08000326   0x08000326   0x00000002   PAD
    0x08000328   0x08000328   0x00000040   Code   RO            4    .text               startup_stm32f407xx.o
    0x08000368   0x08000368   0x000000ee   Code   RO        12665    .text               c_w.l(lludivv7m.o)
    0x08000456   0x08000456   0x0000003e   Code   RO        12673    .text               c_w.l(strlen.o)
    0x08000494   0x08000494   0x0000008a   Code   RO        12675    .text               c_w.l(rt_memcpy_v6.o)
    0x0800051e   0x0800051e   0x00000064   Code   RO        12677    .text               c_w.l(rt_memcpy_w.o)
    0x08000582   0x08000582   0x00000010   Code   RO        12681    .text               c_w.l(aeabi_memset.o)
    0x08000592   0x08000592   0x00000044   Code   RO        12683    .text               c_w.l(rt_memclr.o)
    0x080005d6   0x080005d6   0x0000004e   Code   RO        12685    .text               c_w.l(rt_memclr_w.o)
    0x08000624   0x08000624   0x00000006   Code   RO        12687    .text               c_w.l(heapauxi.o)
    0x0800062a   0x0800062a   0x00000016   Code   RO        12821    .text               c_w.l(_rserrno.o)
    0x08000640   0x08000640   0x00000008   Code   RO        12906    .text               c_w.l(libspace.o)
    0x08000648   0x08000648   0x00000008   Code   RO        12929    .text               c_w.l(rt_errno_addr_intlibspace.o)
    0x08000650   0x08000650   0x00000002   Code   RO        12950    .text               c_w.l(use_no_semi.o)
    0x08000652   0x08000652   0x00000000   Code   RO        12952    .text               c_w.l(indicate_semi.o)
    0x08000652   0x08000652   0x0000004a   Code   RO        12953    .text               c_w.l(sys_stackheap_outer.o)
    0x0800069c   0x0800069c   0x00000012   Code   RO        12959    .text               c_w.l(exit.o)
    0x080006ae   0x080006ae   0x00000002   PAD
    0x080006b0   0x080006b0   0x0000000c   Code   RO        12979    .text               c_w.l(sys_exit.o)
    0x080006bc   0x080006bc   0x00000004   Code   RO         3318    i.AHRS_asinf        ahrs_middleware.o
    0x080006c0   0x080006c0   0x00000004   Code   RO         3319    i.AHRS_atan2f       ahrs_middleware.o
    0x080006c4   0x080006c4   0x00000004   Code   RO         3320    i.AHRS_cosf         ahrs_middleware.o
    0x080006c8   0x080006c8   0x0000001a   Code   RO        12514    i.AHRS_fabs         AHRS.lib(ahrs.o)
    0x080006e2   0x080006e2   0x00000002   PAD
    0x080006e4   0x080006e4   0x00000014   Code   RO         3321    i.AHRS_get_height   ahrs_middleware.o
    0x080006f8   0x080006f8   0x0000000e   Code   RO         3322    i.AHRS_get_latitude  ahrs_middleware.o
    0x08000706   0x08000706   0x00000002   PAD
    0x08000708   0x08000708   0x0000029c   Code   RO        12515    i.AHRS_init         AHRS.lib(ahrs.o)
    0x080009a4   0x080009a4   0x00000014   Code   RO         3323    i.AHRS_invSqrt      ahrs_middleware.o
    0x080009b8   0x080009b8   0x00000004   Code   RO         3324    i.AHRS_sinf         ahrs_middleware.o
    0x080009bc   0x080009bc   0x0000013a   Code   RO        12516    i.AHRS_update       AHRS.lib(ahrs.o)
    0x08000af6   0x08000af6   0x00000002   PAD
    0x08000af8   0x08000af8   0x00000010   Code   RO         2039    i.BMI088_ACCEL_NS_H  bmi088middleware.o
    0x08000b08   0x08000b08   0x00000010   Code   RO         2040    i.BMI088_ACCEL_NS_L  bmi088middleware.o
    0x08000b18   0x08000b18   0x00000002   Code   RO         2041    i.BMI088_GPIO_init  bmi088middleware.o
    0x08000b1a   0x08000b1a   0x00000002   PAD
    0x08000b1c   0x08000b1c   0x00000010   Code   RO         2042    i.BMI088_GYRO_NS_H  bmi088middleware.o
    0x08000b2c   0x08000b2c   0x00000010   Code   RO         2043    i.BMI088_GYRO_NS_L  bmi088middleware.o
    0x08000b3c   0x08000b3c   0x00000080   Code   RO         1903    i.BMI088_accel_read_over  bmi088driver.o
    0x08000bbc   0x08000bbc   0x00000002   Code   RO         2044    i.BMI088_com_init   bmi088middleware.o
    0x08000bbe   0x08000bbe   0x00000004   Code   RO         2045    i.BMI088_delay_ms   bmi088middleware.o
    0x08000bc2   0x08000bc2   0x00000004   Code   RO         2046    i.BMI088_delay_us   bmi088middleware.o
    0x08000bc6   0x08000bc6   0x00000002   PAD
    0x08000bc8   0x08000bc8   0x00000060   Code   RO         1904    i.BMI088_gyro_read_over  bmi088driver.o
    0x08000c28   0x08000c28   0x0000002e   Code   RO         1905    i.BMI088_init       bmi088driver.o
    0x08000c56   0x08000c56   0x00000002   PAD
    0x08000c58   0x08000c58   0x00000158   Code   RO         1906    i.BMI088_read       bmi088driver.o
    0x08000db0   0x08000db0   0x00000024   Code   RO         1909    i.BMI088_read_muli_reg  bmi088driver.o
    0x08000dd4   0x08000dd4   0x00000016   Code   RO         1910    i.BMI088_read_single_reg  bmi088driver.o
    0x08000dea   0x08000dea   0x00000002   PAD
    0x08000dec   0x08000dec   0x00000020   Code   RO         2047    i.BMI088_read_write_byte  bmi088middleware.o
    0x08000e0c   0x08000e0c   0x0000002e   Code   RO         1911    i.BMI088_temperature_read_over  bmi088driver.o
    0x08000e3a   0x08000e3a   0x00000012   Code   RO         1912    i.BMI088_write_single_reg  bmi088driver.o
    0x08000e4c   0x08000e4c   0x00000002   Code   RO         3100    i.BusFault_Handler  stm32f4xx_it.o
    0x08000e4e   0x08000e4e   0x00000002   PAD
    0x08000e50   0x08000e50   0x0000000c   Code   RO         3101    i.CAN1_RX0_IRQHandler  stm32f4xx_it.o
    0x08000e5c   0x08000e5c   0x0000000c   Code   RO         3102    i.CAN2_RX0_IRQHandler  stm32f4xx_it.o
    0x08000e68   0x08000e68   0x00000048   Code   RO          851    i.CAN_Chassis_CMD   chassis_task.o
    0x08000eb0   0x08000eb0   0x0000004c   Code   RO          277    i.CAN_DM_CMD_PITCH  bsp_can.o
    0x08000efc   0x08000efc   0x0000004c   Code   RO          278    i.CAN_DM_CMD_YAW    bsp_can.o
    0x08000f48   0x08000f48   0x00000048   Code   RO         1212    i.CAN_Gantry_CMD    gantry_task.o
    0x08000f90   0x08000f90   0x00000048   Code   RO          938    i.CAN_X_and_Y_CMD   shoot_task.o
    0x08000fd8   0x08000fd8   0x00000004   Code   RO         3034    i.CDC_Control_FS    usbd_cdc_if.o
    0x08000fdc   0x08000fdc   0x00000004   Code   RO         3035    i.CDC_DeInit_FS     usbd_cdc_if.o
    0x08000fe0   0x08000fe0   0x00000024   Code   RO         3036    i.CDC_Init_FS       usbd_cdc_if.o
    0x08001004   0x08001004   0x00000034   Code   RO         3037    i.CDC_Receive_FS    usbd_cdc_if.o
    0x08001038   0x08001038   0x00000004   Code   RO         3038    i.CDC_TransmitCplt_FS  usbd_cdc_if.o
    0x0800103c   0x0800103c   0x0000002c   Code   RO         3039    i.CDC_Transmit_FS   usbd_cdc_if.o
    0x08001068   0x08001068   0x000000e8   Code   RO          852    i.Chassis_Motor_Control  chassis_task.o
    0x08001150   0x08001150   0x0000004c   Code   RO          853    i.Chassis_Motor_Data_Update  chassis_task.o
    0x0800119c   0x0800119c   0x00000064   Code   RO          854    i.Chassis_Motor_Init  chassis_task.o
    0x08001200   0x08001200   0x0000003c   Code   RO          855    i.Chassis_PID_Calculator  chassis_task.o
    0x0800123c   0x0800123c   0x00000038   Code   RO          856    i.Chassis_Task      chassis_task.o
    0x08001274   0x08001274   0x0000023c   Code   RO          857    i.Chassis_Vector_to_Mecanum_Wheel_Speed  chassis_task.o
    0x080014b0   0x080014b0   0x0000000c   Code   RO         3103    i.DMA1_Stream1_IRQHandler  stm32f4xx_it.o
    0x080014bc   0x080014bc   0x0000000c   Code   RO         3104    i.DMA2_Stream1_IRQHandler  stm32f4xx_it.o
    0x080014c8   0x080014c8   0x000002c4   Code   RO          544    i.DMA2_Stream2_IRQHandler  ins_task.o
    0x0800178c   0x0800178c   0x0000000c   Code   RO         3106    i.DMA2_Stream3_IRQHandler  stm32f4xx_it.o
    0x08001798   0x08001798   0x0000000c   Code   RO         3107    i.DMA2_Stream6_IRQHandler  stm32f4xx_it.o
    0x080017a4   0x080017a4   0x00000028   Code   RO         4503    i.DMA_CalcBaseAndBitshift  stm32f4xx_hal_dma.o
    0x080017cc   0x080017cc   0x00000054   Code   RO         4504    i.DMA_CheckFifoParam  stm32f4xx_hal_dma.o
    0x08001820   0x08001820   0x0000003c   Code   RO          279    i.DM_Pitch_Enable_Motor  bsp_can.o
    0x0800185c   0x0800185c   0x0000003c   Code   RO          280    i.DM_YAW_Enable_Motor  bsp_can.o
    0x08001898   0x08001898   0x00000002   Code   RO         3108    i.DebugMon_Handler  stm32f4xx_it.o
    0x0800189a   0x0800189a   0x00000006   Code   RO         3109    i.EXTI0_IRQHandler  stm32f4xx_it.o
    0x080018a0   0x080018a0   0x00000006   Code   RO         3110    i.EXTI3_IRQHandler  stm32f4xx_it.o
    0x080018a6   0x080018a6   0x00000006   Code   RO         3111    i.EXTI4_IRQHandler  stm32f4xx_it.o
    0x080018ac   0x080018ac   0x00000006   Code   RO         3112    i.EXTI9_5_IRQHandler  stm32f4xx_it.o
    0x080018b2   0x080018b2   0x00000004   Code   RO         2226    i.Error_Handler     main.o
    0x080018b6   0x080018b6   0x00000002   PAD
    0x080018b8   0x080018b8   0x000000c0   Code   RO         1213    i.Gantry_Motor_Control  gantry_task.o
    0x08001978   0x08001978   0x00000160   Code   RO         1214    i.Gantry_Motor_Data_Update  gantry_task.o
    0x08001ad8   0x08001ad8   0x000000d4   Code   RO         1215    i.Gantry_Motor_Init  gantry_task.o
    0x08001bac   0x08001bac   0x0000004c   Code   RO         1216    i.Gantry_PID_Calculator  gantry_task.o
    0x08001bf8   0x08001bf8   0x0000004c   Code   RO         1217    i.Gantry_Pos_Init   gantry_task.o
    0x08001c44   0x08001c44   0x00000040   Code   RO         1218    i.Gantry_Task       gantry_task.o
    0x08001c84   0x08001c84   0x00000034   Code   RO          939    i.Gas_Control       shoot_task.o
    0x08001cb8   0x08001cb8   0x00000024   Code   RO         5177    i.HAL_CAN_ActivateNotification  stm32f4xx_hal_can.o
    0x08001cdc   0x08001cdc   0x000000c8   Code   RO         5178    i.HAL_CAN_AddTxMessage  stm32f4xx_hal_can.o
    0x08001da4   0x08001da4   0x0000010c   Code   RO         5179    i.HAL_CAN_ConfigFilter  stm32f4xx_hal_can.o
    0x08001eb0   0x08001eb0   0x00000002   Code   RO         5182    i.HAL_CAN_ErrorCallback  stm32f4xx_hal_can.o
    0x08001eb2   0x08001eb2   0x000000e8   Code   RO         5185    i.HAL_CAN_GetRxMessage  stm32f4xx_hal_can.o
    0x08001f9a   0x08001f9a   0x000001fc   Code   RO         5189    i.HAL_CAN_IRQHandler  stm32f4xx_hal_can.o
    0x08002196   0x08002196   0x0000011a   Code   RO         5190    i.HAL_CAN_Init      stm32f4xx_hal_can.o
    0x080022b0   0x080022b0   0x000000fc   Code   RO         2434    i.HAL_CAN_MspInit   can.o
    0x080023ac   0x080023ac   0x00000002   Code   RO         5197    i.HAL_CAN_RxFifo0FullCallback  stm32f4xx_hal_can.o
    0x080023ae   0x080023ae   0x00000002   PAD
    0x080023b0   0x080023b0   0x00000274   Code   RO          281    i.HAL_CAN_RxFifo0MsgPendingCallback  bsp_can.o
    0x08002624   0x08002624   0x00000002   Code   RO         5199    i.HAL_CAN_RxFifo1FullCallback  stm32f4xx_hal_can.o
    0x08002626   0x08002626   0x00000002   Code   RO         5200    i.HAL_CAN_RxFifo1MsgPendingCallback  stm32f4xx_hal_can.o
    0x08002628   0x08002628   0x00000002   Code   RO         5201    i.HAL_CAN_SleepCallback  stm32f4xx_hal_can.o
    0x0800262a   0x0800262a   0x00000002   PAD
    0x0800262c   0x0800262c   0x00000058   Code   RO         5202    i.HAL_CAN_Start     stm32f4xx_hal_can.o
    0x08002684   0x08002684   0x00000002   Code   RO         5204    i.HAL_CAN_TxMailbox0AbortCallback  stm32f4xx_hal_can.o
    0x08002686   0x08002686   0x00000002   Code   RO         5205    i.HAL_CAN_TxMailbox0CompleteCallback  stm32f4xx_hal_can.o
    0x08002688   0x08002688   0x00000002   Code   RO         5206    i.HAL_CAN_TxMailbox1AbortCallback  stm32f4xx_hal_can.o
    0x0800268a   0x0800268a   0x00000002   Code   RO         5207    i.HAL_CAN_TxMailbox1CompleteCallback  stm32f4xx_hal_can.o
    0x0800268c   0x0800268c   0x00000002   Code   RO         5208    i.HAL_CAN_TxMailbox2AbortCallback  stm32f4xx_hal_can.o
    0x0800268e   0x0800268e   0x00000002   Code   RO         5209    i.HAL_CAN_TxMailbox2CompleteCallback  stm32f4xx_hal_can.o
    0x08002690   0x08002690   0x00000002   Code   RO         5211    i.HAL_CAN_WakeUpFromRxMsgCallback  stm32f4xx_hal_can.o
    0x08002692   0x08002692   0x00000002   PAD
    0x08002694   0x08002694   0x000001a0   Code   RO         4511    i.HAL_DMA_IRQHandler  stm32f4xx_hal_dma.o
    0x08002834   0x08002834   0x000000d4   Code   RO         4512    i.HAL_DMA_Init      stm32f4xx_hal_dma.o
    0x08002908   0x08002908   0x00000024   Code   RO         4925    i.HAL_Delay         stm32f4xx_hal.o
    0x0800292c   0x0800292c   0x0000008c   Code   RO          545    i.HAL_GPIO_EXTI_Callback  ins_task.o
    0x080029b8   0x080029b8   0x00000018   Code   RO         4398    i.HAL_GPIO_EXTI_IRQHandler  stm32f4xx_hal_gpio.o
    0x080029d0   0x080029d0   0x000001f0   Code   RO         4399    i.HAL_GPIO_Init     stm32f4xx_hal_gpio.o
    0x08002bc0   0x08002bc0   0x00000010   Code   RO         4402    i.HAL_GPIO_TogglePin  stm32f4xx_hal_gpio.o
    0x08002bd0   0x08002bd0   0x0000000a   Code   RO         4403    i.HAL_GPIO_WritePin  stm32f4xx_hal_gpio.o
    0x08002bda   0x08002bda   0x00000002   PAD
    0x08002bdc   0x08002bdc   0x0000000c   Code   RO         4931    i.HAL_GetTick       stm32f4xx_hal.o
    0x08002be8   0x08002be8   0x00000188   Code   RO         5421    i.HAL_I2C_Init      stm32f4xx_hal_i2c.o
    0x08002d70   0x08002d70   0x000001f8   Code   RO         5439    i.HAL_I2C_Mem_Read  stm32f4xx_hal_i2c.o
    0x08002f68   0x08002f68   0x00000130   Code   RO         5442    i.HAL_I2C_Mem_Write  stm32f4xx_hal_i2c.o
    0x08003098   0x08003098   0x00000088   Code   RO         2507    i.HAL_I2C_MspInit   i2c.o
    0x08003120   0x08003120   0x00000010   Code   RO         4937    i.HAL_IncTick       stm32f4xx_hal.o
    0x08003130   0x08003130   0x00000034   Code   RO         4938    i.HAL_Init          stm32f4xx_hal.o
    0x08003164   0x08003164   0x00000074   Code   RO         3278    i.HAL_InitTick      stm32f4xx_hal_timebase_tim.o
    0x080031d8   0x080031d8   0x00000038   Code   RO         3254    i.HAL_MspInit       stm32f4xx_hal_msp.o
    0x08003210   0x08003210   0x0000001a   Code   RO         4788    i.HAL_NVIC_EnableIRQ  stm32f4xx_hal_cortex.o
    0x0800322a   0x0800322a   0x00000002   PAD
    0x0800322c   0x0800322c   0x00000040   Code   RO         4794    i.HAL_NVIC_SetPriority  stm32f4xx_hal_cortex.o
    0x0800326c   0x0800326c   0x00000024   Code   RO         4795    i.HAL_NVIC_SetPriorityGrouping  stm32f4xx_hal_cortex.o
    0x08003290   0x08003290   0x00000002   Code   RO         3706    i.HAL_PCDEx_LPM_Callback  stm32f4xx_hal_pcd_ex.o
    0x08003292   0x08003292   0x00000008   Code   RO         3707    i.HAL_PCDEx_SetRxFiFo  stm32f4xx_hal_pcd_ex.o
    0x0800329a   0x0800329a   0x00000044   Code   RO         3708    i.HAL_PCDEx_SetTxFiFo  stm32f4xx_hal_pcd_ex.o
    0x080032de   0x080032de   0x00000008   Code   RO         2754    i.HAL_PCD_ConnectCallback  usbd_conf.o
    0x080032e6   0x080032e6   0x00000012   Code   RO         2755    i.HAL_PCD_DataInStageCallback  usbd_conf.o
    0x080032f8   0x080032f8   0x00000014   Code   RO         2756    i.HAL_PCD_DataOutStageCallback  usbd_conf.o
    0x0800330c   0x0800330c   0x00000008   Code   RO         2757    i.HAL_PCD_DisconnectCallback  usbd_conf.o
    0x08003314   0x08003314   0x0000004c   Code   RO         3488    i.HAL_PCD_EP_Close  stm32f4xx_hal_pcd.o
    0x08003360   0x08003360   0x0000005c   Code   RO         3489    i.HAL_PCD_EP_ClrStall  stm32f4xx_hal_pcd.o
    0x080033bc   0x080033bc   0x00000012   Code   RO         3491    i.HAL_PCD_EP_GetRxCount  stm32f4xx_hal_pcd.o
    0x080033ce   0x080033ce   0x00000060   Code   RO         3492    i.HAL_PCD_EP_Open   stm32f4xx_hal_pcd.o
    0x0800342e   0x0800342e   0x00000048   Code   RO         3493    i.HAL_PCD_EP_Receive  stm32f4xx_hal_pcd.o
    0x08003476   0x08003476   0x00000074   Code   RO         3494    i.HAL_PCD_EP_SetStall  stm32f4xx_hal_pcd.o
    0x080034ea   0x080034ea   0x00000040   Code   RO         3495    i.HAL_PCD_EP_Transmit  stm32f4xx_hal_pcd.o
    0x0800352a   0x0800352a   0x00000002   PAD
    0x0800352c   0x0800352c   0x00000434   Code   RO         3497    i.HAL_PCD_IRQHandler  stm32f4xx_hal_pcd.o
    0x08003960   0x08003960   0x00000008   Code   RO         2758    i.HAL_PCD_ISOINIncompleteCallback  usbd_conf.o
    0x08003968   0x08003968   0x00000008   Code   RO         2759    i.HAL_PCD_ISOOUTIncompleteCallback  usbd_conf.o
    0x08003970   0x08003970   0x000000e2   Code   RO         3500    i.HAL_PCD_Init      stm32f4xx_hal_pcd.o
    0x08003a52   0x08003a52   0x00000002   PAD
    0x08003a54   0x08003a54   0x00000084   Code   RO         2761    i.HAL_PCD_MspInit   usbd_conf.o
    0x08003ad8   0x08003ad8   0x0000002c   Code   RO         2762    i.HAL_PCD_ResetCallback  usbd_conf.o
    0x08003b04   0x08003b04   0x00000008   Code   RO         2763    i.HAL_PCD_ResumeCallback  usbd_conf.o
    0x08003b0c   0x08003b0c   0x00000008   Code   RO         2764    i.HAL_PCD_SOFCallback  usbd_conf.o
    0x08003b14   0x08003b14   0x00000028   Code   RO         3506    i.HAL_PCD_SetAddress  stm32f4xx_hal_pcd.o
    0x08003b3c   0x08003b3c   0x0000000e   Code   RO         2765    i.HAL_PCD_SetupStageCallback  usbd_conf.o
    0x08003b4a   0x08003b4a   0x00000042   Code   RO         3508    i.HAL_PCD_Start     stm32f4xx_hal_pcd.o
    0x08003b8c   0x08003b8c   0x00000030   Code   RO         2766    i.HAL_PCD_SuspendCallback  usbd_conf.o
    0x08003bbc   0x08003bbc   0x00000134   Code   RO         4045    i.HAL_RCC_ClockConfig  stm32f4xx_hal_rcc.o
    0x08003cf0   0x08003cf0   0x00000040   Code   RO         4049    i.HAL_RCC_GetClockConfig  stm32f4xx_hal_rcc.o
    0x08003d30   0x08003d30   0x0000000c   Code   RO         4050    i.HAL_RCC_GetHCLKFreq  stm32f4xx_hal_rcc.o
    0x08003d3c   0x08003d3c   0x00000020   Code   RO         4052    i.HAL_RCC_GetPCLK1Freq  stm32f4xx_hal_rcc.o
    0x08003d5c   0x08003d5c   0x00000020   Code   RO         4053    i.HAL_RCC_GetPCLK2Freq  stm32f4xx_hal_rcc.o
    0x08003d7c   0x08003d7c   0x00000064   Code   RO         4054    i.HAL_RCC_GetSysClockFreq  stm32f4xx_hal_rcc.o
    0x08003de0   0x08003de0   0x0000036c   Code   RO         4057    i.HAL_RCC_OscConfig  stm32f4xx_hal_rcc.o
    0x0800414c   0x0800414c   0x000000bc   Code   RO         5871    i.HAL_SPI_Init      stm32f4xx_hal_spi.o
    0x08004208   0x08004208   0x000000fc   Code   RO         2549    i.HAL_SPI_MspInit   spi.o
    0x08004304   0x08004304   0x000001e2   Code   RO         5880    i.HAL_SPI_TransmitReceive  stm32f4xx_hal_spi.o
    0x080044e6   0x080044e6   0x00000002   Code   RO         6888    i.HAL_TIMEx_BreakCallback  stm32f4xx_hal_tim_ex.o
    0x080044e8   0x080044e8   0x00000002   Code   RO         6889    i.HAL_TIMEx_CommutCallback  stm32f4xx_hal_tim_ex.o
    0x080044ea   0x080044ea   0x00000002   PAD
    0x080044ec   0x080044ec   0x00000090   Code   RO         6907    i.HAL_TIMEx_MasterConfigSynchronization  stm32f4xx_hal_tim_ex.o
    0x0800457c   0x0800457c   0x0000005a   Code   RO         6184    i.HAL_TIM_Base_Init  stm32f4xx_hal_tim.o
    0x080045d6   0x080045d6   0x00000002   PAD
    0x080045d8   0x080045d8   0x0000012c   Code   RO         2591    i.HAL_TIM_Base_MspInit  tim.o
    0x08004704   0x08004704   0x00000078   Code   RO         6187    i.HAL_TIM_Base_Start  stm32f4xx_hal_tim.o
    0x0800477c   0x0800477c   0x00000080   Code   RO         6189    i.HAL_TIM_Base_Start_IT  stm32f4xx_hal_tim.o
    0x080047fc   0x080047fc   0x000000dc   Code   RO         6193    i.HAL_TIM_ConfigClockSource  stm32f4xx_hal_tim.o
    0x080048d8   0x080048d8   0x00000002   Code   RO         6218    i.HAL_TIM_IC_CaptureCallback  stm32f4xx_hal_tim.o
    0x080048da   0x080048da   0x00000166   Code   RO         6232    i.HAL_TIM_IRQHandler  stm32f4xx_hal_tim.o
    0x08004a40   0x08004a40   0x000000b0   Code   RO         2592    i.HAL_TIM_MspPostInit  tim.o
    0x08004af0   0x08004af0   0x00000002   Code   RO         6235    i.HAL_TIM_OC_DelayElapsedCallback  stm32f4xx_hal_tim.o
    0x08004af2   0x08004af2   0x000000cc   Code   RO         6256    i.HAL_TIM_PWM_ConfigChannel  stm32f4xx_hal_tim.o
    0x08004bbe   0x08004bbe   0x0000005a   Code   RO         6259    i.HAL_TIM_PWM_Init  stm32f4xx_hal_tim.o
    0x08004c18   0x08004c18   0x00000002   Code   RO         6261    i.HAL_TIM_PWM_MspInit  stm32f4xx_hal_tim.o
    0x08004c1a   0x08004c1a   0x00000002   Code   RO         6262    i.HAL_TIM_PWM_PulseFinishedCallback  stm32f4xx_hal_tim.o
    0x08004c1c   0x08004c1c   0x000000c8   Code   RO         6264    i.HAL_TIM_PWM_Start  stm32f4xx_hal_tim.o
    0x08004ce4   0x08004ce4   0x0000001c   Code   RO         2227    i.HAL_TIM_PeriodElapsedCallback  main.o
    0x08004d00   0x08004d00   0x00000056   Code   RO         6273    i.HAL_TIM_SlaveConfigSynchro  stm32f4xx_hal_tim.o
    0x08004d56   0x08004d56   0x00000002   Code   RO         6275    i.HAL_TIM_TriggerCallback  stm32f4xx_hal_tim.o
    0x08004d58   0x08004d58   0x00000062   Code   RO         7184    i.HAL_UART_Init     stm32f4xx_hal_uart.o
    0x08004dba   0x08004dba   0x00000002   PAD
    0x08004dbc   0x08004dbc   0x000001e8   Code   RO         2669    i.HAL_UART_MspInit  usart.o
    0x08004fa4   0x08004fa4   0x00000002   Code   RO         3113    i.HardFault_Handler  stm32f4xx_it.o
    0x08004fa6   0x08004fa6   0x0000002e   Code   RO         5463    i.I2C_IsAcknowledgeFailed  stm32f4xx_hal_i2c.o
    0x08004fd4   0x08004fd4   0x000000fc   Code   RO         5473    i.I2C_RequestMemoryRead  stm32f4xx_hal_i2c.o
    0x080050d0   0x080050d0   0x000000a8   Code   RO         5474    i.I2C_RequestMemoryWrite  stm32f4xx_hal_i2c.o
    0x08005178   0x08005178   0x0000004c   Code   RO         5478    i.I2C_WaitOnBTFFlagUntilTimeout  stm32f4xx_hal_i2c.o
    0x080051c4   0x080051c4   0x00000068   Code   RO         5479    i.I2C_WaitOnFlagUntilTimeout  stm32f4xx_hal_i2c.o
    0x0800522c   0x0800522c   0x00000096   Code   RO         5480    i.I2C_WaitOnMasterAddressFlagUntilTimeout  stm32f4xx_hal_i2c.o
    0x080052c2   0x080052c2   0x00000066   Code   RO         5481    i.I2C_WaitOnRXNEFlagUntilTimeout  stm32f4xx_hal_i2c.o
    0x08005328   0x08005328   0x0000004c   Code   RO         5482    i.I2C_WaitOnTXEFlagUntilTimeout  stm32f4xx_hal_i2c.o
    0x08005374   0x08005374   0x00000280   Code   RO          546    i.INS_Task          ins_task.o
    0x080055f4   0x080055f4   0x00000038   Code   RO         2961    i.IntToUnicode      usbd_desc.o
    0x0800562c   0x0800562c   0x00000030   Code   RO          768    i.LED_Task          led_task.o
    0x0800565c   0x0800565c   0x00000044   Code   RO         2435    i.MX_CAN1_Init      can.o
    0x080056a0   0x080056a0   0x00000044   Code   RO         2436    i.MX_CAN2_Init      can.o
    0x080056e4   0x080056e4   0x0000007c   Code   RO         2482    i.MX_DMA_Init       dma.o
    0x08005760   0x08005760   0x000000c0   Code   RO         2314    i.MX_FREERTOS_Init  freertos.o
    0x08005820   0x08005820   0x000001e4   Code   RO         2286    i.MX_GPIO_Init      gpio.o
    0x08005a04   0x08005a04   0x00000040   Code   RO         2508    i.MX_I2C3_Init      i2c.o
    0x08005a44   0x08005a44   0x00000048   Code   RO         2550    i.MX_SPI1_Init      spi.o
    0x08005a8c   0x08005a8c   0x00000064   Code   RO         2593    i.MX_TIM10_Init     tim.o
    0x08005af0   0x08005af0   0x00000094   Code   RO         2594    i.MX_TIM12_Init     tim.o
    0x08005b84   0x08005b84   0x00000034   Code   RO         2595    i.MX_TIM14_Init     tim.o
    0x08005bb8   0x08005bb8   0x0000006c   Code   RO         2596    i.MX_TIM1_Init      tim.o
    0x08005c24   0x08005c24   0x00000098   Code   RO         2597    i.MX_TIM3_Init      tim.o
    0x08005cbc   0x08005cbc   0x0000006c   Code   RO         2598    i.MX_TIM8_Init      tim.o
    0x08005d28   0x08005d28   0x00000038   Code   RO         2670    i.MX_USART1_UART_Init  usart.o
    0x08005d60   0x08005d60   0x0000003c   Code   RO         2671    i.MX_USART3_UART_Init  usart.o
    0x08005d9c   0x08005d9c   0x00000038   Code   RO         2672    i.MX_USART6_UART_Init  usart.o
    0x08005dd4   0x08005dd4   0x00000054   Code   RO         2723    i.MX_USB_DEVICE_Init  usb_device.o
    0x08005e28   0x08005e28   0x00000002   Code   RO         3114    i.MemManage_Handler  stm32f4xx_it.o
    0x08005e2a   0x08005e2a   0x00000002   Code   RO         3115    i.NMI_Handler       stm32f4xx_it.o
    0x08005e2c   0x08005e2c   0x0000000c   Code   RO         3116    i.OTG_FS_IRQHandler  stm32f4xx_it.o
    0x08005e38   0x08005e38   0x000000cc   Code   RO         3512    i.PCD_EP_OutXfrComplete_int  stm32f4xx_hal_pcd.o
    0x08005f04   0x08005f04   0x000000a2   Code   RO         3513    i.PCD_WriteEmptyTxFifo  stm32f4xx_hal_pcd.o
    0x08005fa6   0x08005fa6   0x00000002   PAD
    0x08005fa8   0x08005fa8   0x00000128   Code   RO         1298    i.PID_calc          pid.o
    0x080060d0   0x080060d0   0x0000005c   Code   RO         1300    i.PID_init          pid.o
    0x0800612c   0x0800612c   0x00000060   Code   RO          237    i.RC_Init           bsp_rc.o
    0x0800618c   0x0800618c   0x00000040   Code   RO         1415    i.RC_Mode_Set       remote_control.o
    0x080061cc   0x080061cc   0x00000034   Code   RO         1148    i.Referee_Task      referee_task.o
    0x08006200   0x08006200   0x00001274   Code   RO          203    i.SPI1_DMA_enable   bsp_spi.o
    0x08007474   0x08007474   0x000000f0   Code   RO          204    i.SPI1_DMA_init     bsp_spi.o
    0x08007564   0x08007564   0x00000058   Code   RO         5909    i.SPI_EndRxTxTransaction  stm32f4xx_hal_spi.o
    0x080075bc   0x080075bc   0x000000b8   Code   RO         5914    i.SPI_WaitFlagStateUntilTimeout  stm32f4xx_hal_spi.o
    0x08007674   0x08007674   0x00000074   Code   RO          940    i.Shoot_Task        shoot_task.o
    0x080076e8   0x080076e8   0x0000002c   Code   RO         9005    i.SysTick_Handler   port.o
    0x08007714   0x08007714   0x00000094   Code   RO         2228    i.SystemClock_Config  main.o
    0x080077a8   0x080077a8   0x00000010   Code   RO         7513    i.SystemInit        system_stm32f4xx.o
    0x080077b8   0x080077b8   0x0000000c   Code   RO         3117    i.TIM2_IRQHandler   stm32f4xx_it.o
    0x080077c4   0x080077c4   0x0000001c   Code   RO         3118    i.TIM8_TRG_COM_TIM14_IRQHandler  stm32f4xx_it.o
    0x080077e0   0x080077e0   0x000000c8   Code   RO         6277    i.TIM_Base_SetConfig  stm32f4xx_hal_tim.o
    0x080078a8   0x080078a8   0x0000001a   Code   RO         6278    i.TIM_CCxChannelCmd  stm32f4xx_hal_tim.o
    0x080078c2   0x080078c2   0x00000014   Code   RO         6288    i.TIM_ETR_SetConfig  stm32f4xx_hal_tim.o
    0x080078d6   0x080078d6   0x00000010   Code   RO         6289    i.TIM_ITRx_SetConfig  stm32f4xx_hal_tim.o
    0x080078e6   0x080078e6   0x00000002   PAD
    0x080078e8   0x080078e8   0x00000060   Code   RO         6290    i.TIM_OC1_SetConfig  stm32f4xx_hal_tim.o
    0x08007948   0x08007948   0x0000006c   Code   RO         6291    i.TIM_OC2_SetConfig  stm32f4xx_hal_tim.o
    0x080079b4   0x080079b4   0x00000068   Code   RO         6292    i.TIM_OC3_SetConfig  stm32f4xx_hal_tim.o
    0x08007a1c   0x08007a1c   0x00000050   Code   RO         6293    i.TIM_OC4_SetConfig  stm32f4xx_hal_tim.o
    0x08007a6c   0x08007a6c   0x0000008c   Code   RO         6294    i.TIM_SlaveTimer_SetConfig  stm32f4xx_hal_tim.o
    0x08007af8   0x08007af8   0x00000022   Code   RO         6295    i.TIM_TI1_ConfigInputStage  stm32f4xx_hal_tim.o
    0x08007b1a   0x08007b1a   0x00000024   Code   RO         6297    i.TIM_TI2_ConfigInputStage  stm32f4xx_hal_tim.o
    0x08007b3e   0x08007b3e   0x00000002   PAD
    0x08007b40   0x08007b40   0x0000010c   Code   RO         7210    i.UART_SetConfig    stm32f4xx_hal_uart.o
    0x08007c4c   0x08007c4c   0x000000bc   Code   RO         1418    i.USART3_IRQHandler  remote_control.o
    0x08007d08   0x08007d08   0x00000098   Code   RO         1149    i.USART6_IRQHandler  referee_task.o
    0x08007da0   0x08007da0   0x00000068   Code   RO         9380    i.USBD_CDC_DataIn   usbd_cdc.o
    0x08007e08   0x08007e08   0x0000002e   Code   RO         9381    i.USBD_CDC_DataOut  usbd_cdc.o
    0x08007e36   0x08007e36   0x0000004a   Code   RO         9382    i.USBD_CDC_DeInit   usbd_cdc.o
    0x08007e80   0x08007e80   0x00000030   Code   RO         9383    i.USBD_CDC_EP0_RxReady  usbd_cdc.o
    0x08007eb0   0x08007eb0   0x0000000c   Code   RO         9384    i.USBD_CDC_GetDeviceQualifierDescriptor  usbd_cdc.o
    0x08007ebc   0x08007ebc   0x0000000c   Code   RO         9385    i.USBD_CDC_GetFSCfgDesc  usbd_cdc.o
    0x08007ec8   0x08007ec8   0x0000000c   Code   RO         9386    i.USBD_CDC_GetHSCfgDesc  usbd_cdc.o
    0x08007ed4   0x08007ed4   0x0000000c   Code   RO         9387    i.USBD_CDC_GetOtherSpeedCfgDesc  usbd_cdc.o
    0x08007ee0   0x08007ee0   0x000000c4   Code   RO         9388    i.USBD_CDC_Init     usbd_cdc.o
    0x08007fa4   0x08007fa4   0x00000032   Code   RO         9389    i.USBD_CDC_ReceivePacket  usbd_cdc.o
    0x08007fd6   0x08007fd6   0x00000010   Code   RO         9390    i.USBD_CDC_RegisterInterface  usbd_cdc.o
    0x08007fe6   0x08007fe6   0x00000014   Code   RO         9391    i.USBD_CDC_SetRxBuffer  usbd_cdc.o
    0x08007ffa   0x08007ffa   0x00000018   Code   RO         9392    i.USBD_CDC_SetTxBuffer  usbd_cdc.o
    0x08008012   0x08008012   0x000000fa   Code   RO         9393    i.USBD_CDC_Setup    usbd_cdc.o
    0x0800810c   0x0800810c   0x00000038   Code   RO         9394    i.USBD_CDC_TransmitPacket  usbd_cdc.o
    0x08008144   0x08008144   0x00000012   Code   RO         9084    i.USBD_ClrClassConfig  usbd_core.o
    0x08008156   0x08008156   0x00000026   Code   RO         9222    i.USBD_ClrFeature   usbd_ctlreq.o
    0x0800817c   0x0800817c   0x00000010   Code   RO         9320    i.USBD_CtlContinueRx  usbd_ioreq.o
    0x0800818c   0x0800818c   0x00000010   Code   RO         9321    i.USBD_CtlContinueSendData  usbd_ioreq.o
    0x0800819c   0x0800819c   0x00000018   Code   RO         9223    i.USBD_CtlError     usbd_ctlreq.o
    0x080081b4   0x080081b4   0x0000001e   Code   RO         9322    i.USBD_CtlPrepareRx  usbd_ioreq.o
    0x080081d2   0x080081d2   0x00000016   Code   RO         9323    i.USBD_CtlReceiveStatus  usbd_ioreq.o
    0x080081e8   0x080081e8   0x0000001a   Code   RO         9324    i.USBD_CtlSendData  usbd_ioreq.o
    0x08008202   0x08008202   0x00000016   Code   RO         9325    i.USBD_CtlSendStatus  usbd_ioreq.o
    0x08008218   0x08008218   0x00000020   Code   RO         2962    i.USBD_FS_ConfigStrDescriptor  usbd_desc.o
    0x08008238   0x08008238   0x0000000c   Code   RO         2963    i.USBD_FS_DeviceDescriptor  usbd_desc.o
    0x08008244   0x08008244   0x00000024   Code   RO         2964    i.USBD_FS_InterfaceStrDescriptor  usbd_desc.o
    0x08008268   0x08008268   0x0000000c   Code   RO         2965    i.USBD_FS_LangIDStrDescriptor  usbd_desc.o
    0x08008274   0x08008274   0x00000028   Code   RO         2966    i.USBD_FS_ManufacturerStrDescriptor  usbd_desc.o
    0x0800829c   0x0800829c   0x0000002c   Code   RO         2967    i.USBD_FS_ProductStrDescriptor  usbd_desc.o
    0x080082c8   0x080082c8   0x00000038   Code   RO         2968    i.USBD_FS_SerialStrDescriptor  usbd_desc.o
    0x08008300   0x08008300   0x00000034   Code   RO         9224    i.USBD_GetConfig    usbd_ctlreq.o
    0x08008334   0x08008334   0x000001b4   Code   RO         9225    i.USBD_GetDescriptor  usbd_ctlreq.o
    0x080084e8   0x080084e8   0x00000018   Code   RO         9226    i.USBD_GetLen       usbd_ctlreq.o
    0x08008500   0x08008500   0x00000036   Code   RO         9227    i.USBD_GetStatus    usbd_ctlreq.o
    0x08008536   0x08008536   0x00000044   Code   RO         9228    i.USBD_GetString    usbd_ctlreq.o
    0x0800857a   0x0800857a   0x00000018   Code   RO         2767    i.USBD_Get_USB_Status  usbd_conf.o
    0x08008592   0x08008592   0x00000028   Code   RO         9086    i.USBD_Init         usbd_core.o
    0x080085ba   0x080085ba   0x00000012   Code   RO         2768    i.USBD_LL_ClearStallEP  usbd_conf.o
    0x080085cc   0x080085cc   0x00000012   Code   RO         2769    i.USBD_LL_CloseEP   usbd_conf.o
    0x080085de   0x080085de   0x000000bc   Code   RO         9087    i.USBD_LL_DataInStage  usbd_core.o
    0x0800869a   0x0800869a   0x00000070   Code   RO         9088    i.USBD_LL_DataOutStage  usbd_core.o
    0x0800870a   0x0800870a   0x00000004   Code   RO         9089    i.USBD_LL_DevConnected  usbd_core.o
    0x0800870e   0x0800870e   0x0000001a   Code   RO         9090    i.USBD_LL_DevDisconnected  usbd_core.o
    0x08008728   0x08008728   0x00000008   Code   RO         2773    i.USBD_LL_GetRxDataSize  usbd_conf.o
    0x08008730   0x08008730   0x00000060   Code   RO         2774    i.USBD_LL_Init      usbd_conf.o
    0x08008790   0x08008790   0x00000020   Code   RO         2775    i.USBD_LL_IsStallEP  usbd_conf.o
    0x080087b0   0x080087b0   0x00000022   Code   RO         9091    i.USBD_LL_IsoINIncomplete  usbd_core.o
    0x080087d2   0x080087d2   0x00000022   Code   RO         9092    i.USBD_LL_IsoOUTIncomplete  usbd_core.o
    0x080087f4   0x080087f4   0x00000018   Code   RO         2776    i.USBD_LL_OpenEP    usbd_conf.o
    0x0800880c   0x0800880c   0x00000012   Code   RO         2777    i.USBD_LL_PrepareReceive  usbd_conf.o
    0x0800881e   0x0800881e   0x0000005c   Code   RO         9093    i.USBD_LL_Reset     usbd_core.o
    0x0800887a   0x0800887a   0x00000014   Code   RO         9094    i.USBD_LL_Resume    usbd_core.o
    0x0800888e   0x0800888e   0x00000022   Code   RO         9095    i.USBD_LL_SOF       usbd_core.o
    0x080088b0   0x080088b0   0x00000006   Code   RO         9096    i.USBD_LL_SetSpeed  usbd_core.o
    0x080088b6   0x080088b6   0x00000012   Code   RO         2778    i.USBD_LL_SetUSBAddress  usbd_conf.o
    0x080088c8   0x080088c8   0x00000064   Code   RO         9097    i.USBD_LL_SetupStage  usbd_core.o
    0x0800892c   0x0800892c   0x00000012   Code   RO         2779    i.USBD_LL_StallEP   usbd_conf.o
    0x0800893e   0x0800893e   0x00000012   Code   RO         2780    i.USBD_LL_Start     usbd_conf.o
    0x08008950   0x08008950   0x00000012   Code   RO         9098    i.USBD_LL_Suspend   usbd_core.o
    0x08008962   0x08008962   0x00000012   Code   RO         2782    i.USBD_LL_Transmit  usbd_conf.o
    0x08008974   0x08008974   0x00000032   Code   RO         9229    i.USBD_ParseSetupRequest  usbd_ctlreq.o
    0x080089a6   0x080089a6   0x00000024   Code   RO         9099    i.USBD_RegisterClass  usbd_core.o
    0x080089ca   0x080089ca   0x00000004   Code   RO         9100    i.USBD_RunTestMode  usbd_core.o
    0x080089ce   0x080089ce   0x00000058   Code   RO         9230    i.USBD_SetAddress   usbd_ctlreq.o
    0x08008a26   0x08008a26   0x00000014   Code   RO         9101    i.USBD_SetClassConfig  usbd_core.o
    0x08008a3a   0x08008a3a   0x00000002   PAD
    0x08008a3c   0x08008a3c   0x000000d8   Code   RO         9231    i.USBD_SetConfig    usbd_ctlreq.o
    0x08008b14   0x08008b14   0x00000010   Code   RO         9232    i.USBD_SetFeature   usbd_ctlreq.o
    0x08008b24   0x08008b24   0x00000004   Code   RO         9102    i.USBD_Start        usbd_core.o
    0x08008b28   0x08008b28   0x00000084   Code   RO         9233    i.USBD_StdDevReq    usbd_ctlreq.o
    0x08008bac   0x08008bac   0x000001e8   Code   RO         9234    i.USBD_StdEPReq     usbd_ctlreq.o
    0x08008d94   0x08008d94   0x0000006e   Code   RO         9235    i.USBD_StdItfReq    usbd_ctlreq.o
    0x08008e02   0x08008e02   0x00000002   Code   RO         2783    i.USBD_static_free  usbd_conf.o
    0x08008e04   0x08008e04   0x00000008   Code   RO         2784    i.USBD_static_malloc  usbd_conf.o
    0x08008e0c   0x08008e0c   0x00000080   Code   RO         3748    i.USB_ActivateEndpoint  stm32f4xx_ll_usb.o
    0x08008e8c   0x08008e8c   0x0000001c   Code   RO         3750    i.USB_ActivateSetup  stm32f4xx_ll_usb.o
    0x08008ea8   0x08008ea8   0x00000074   Code   RO         3752    i.USB_CoreInit      stm32f4xx_ll_usb.o
    0x08008f1c   0x08008f1c   0x00000040   Code   RO         3753    i.USB_CoreReset     stm32f4xx_ll_usb.o
    0x08008f5c   0x08008f5c   0x000000cc   Code   RO         3756    i.USB_DeactivateEndpoint  stm32f4xx_ll_usb.o
    0x08009028   0x08009028   0x0000001c   Code   RO         3757    i.USB_DevConnect    stm32f4xx_ll_usb.o
    0x08009044   0x08009044   0x0000001c   Code   RO         3758    i.USB_DevDisconnect  stm32f4xx_ll_usb.o
    0x08009060   0x08009060   0x00000174   Code   RO         3759    i.USB_DevInit       stm32f4xx_ll_usb.o
    0x080091d4   0x080091d4   0x0000000c   Code   RO         3760    i.USB_DisableGlobalInt  stm32f4xx_ll_usb.o
    0x080091e0   0x080091e0   0x00000118   Code   RO         3763    i.USB_EP0StartXfer  stm32f4xx_ll_usb.o
    0x080092f8   0x080092f8   0x00000058   Code   RO         3764    i.USB_EP0_OutStart  stm32f4xx_ll_usb.o
    0x08009350   0x08009350   0x00000058   Code   RO         3765    i.USB_EPClearStall  stm32f4xx_ll_usb.o
    0x080093a8   0x080093a8   0x00000058   Code   RO         3766    i.USB_EPSetStall    stm32f4xx_ll_usb.o
    0x08009400   0x08009400   0x000001e8   Code   RO         3767    i.USB_EPStartXfer   stm32f4xx_ll_usb.o
    0x080095e8   0x080095e8   0x0000000c   Code   RO         3768    i.USB_EnableGlobalInt  stm32f4xx_ll_usb.o
    0x080095f4   0x080095f4   0x00000028   Code   RO         3769    i.USB_FlushRxFifo   stm32f4xx_ll_usb.o
    0x0800961c   0x0800961c   0x0000002c   Code   RO         3770    i.USB_FlushTxFifo   stm32f4xx_ll_usb.o
    0x08009648   0x08009648   0x0000001a   Code   RO         3772    i.USB_GetDevSpeed   stm32f4xx_ll_usb.o
    0x08009662   0x08009662   0x00000008   Code   RO         3774    i.USB_GetMode       stm32f4xx_ll_usb.o
    0x0800966a   0x0800966a   0x0000000e   Code   RO         3781    i.USB_ReadDevAllInEpInterrupt  stm32f4xx_ll_usb.o
    0x08009678   0x08009678   0x0000000e   Code   RO         3782    i.USB_ReadDevAllOutEpInterrupt  stm32f4xx_ll_usb.o
    0x08009686   0x08009686   0x00000024   Code   RO         3783    i.USB_ReadDevInEPInterrupt  stm32f4xx_ll_usb.o
    0x080096aa   0x080096aa   0x00000010   Code   RO         3784    i.USB_ReadDevOutEPInterrupt  stm32f4xx_ll_usb.o
    0x080096ba   0x080096ba   0x00000008   Code   RO         3785    i.USB_ReadInterrupts  stm32f4xx_ll_usb.o
    0x080096c2   0x080096c2   0x0000003e   Code   RO         3786    i.USB_ReadPacket    stm32f4xx_ll_usb.o
    0x08009700   0x08009700   0x0000005c   Code   RO         3788    i.USB_SetCurrentMode  stm32f4xx_ll_usb.o
    0x0800975c   0x0800975c   0x00000022   Code   RO         3789    i.USB_SetDevAddress  stm32f4xx_ll_usb.o
    0x0800977e   0x0800977e   0x00000002   PAD
    0x08009780   0x08009780   0x000000e8   Code   RO         3791    i.USB_SetTurnaroundTime  stm32f4xx_ll_usb.o
    0x08009868   0x08009868   0x0000002c   Code   RO         1043    i.USB_Task          usb_task.o
    0x08009894   0x08009894   0x00000028   Code   RO         3794    i.USB_WritePacket   stm32f4xx_ll_usb.o
    0x080098bc   0x080098bc   0x000001a8   Code   RO          941    i.Up_Platform_Motor_Control  shoot_task.o
    0x08009a64   0x08009a64   0x000001c4   Code   RO          942    i.Up_Platform_Motor_Init  shoot_task.o
    0x08009c28   0x08009c28   0x0000010c   Code   RO          943    i.Up_Platform_PID_Calculator  shoot_task.o
    0x08009d34   0x08009d34   0x00000078   Code   RO          944    i.Up_Platform_Pos_Init  shoot_task.o
    0x08009dac   0x08009dac   0x000003c4   Code   RO          945    i.Up_Platform_Pos_Init_Motor_Data_Update  shoot_task.o
    0x0800a170   0x0800a170   0x00000002   Code   RO         3121    i.UsageFault_Handler  stm32f4xx_it.o
    0x0800a172   0x0800a172   0x00000008   Code   RO         1126    i.User_Task         user_task.o
    0x0800a17a   0x0800a17a   0x00000026   Code   RO        12885    i.__ARM_fpclassifyf  m_wm.l(fpclassifyf.o)
    0x0800a1a0   0x0800a1a0   0x00000020   Code   RO         4801    i.__NVIC_SetPriority  stm32f4xx_hal_cortex.o
    0x0800a1c0   0x0800a1c0   0x0000012c   Code   RO        12729    i.__hardfp_asinf    m_wm.l(asinf.o)
    0x0800a2ec   0x0800a2ec   0x00000250   Code   RO        12741    i.__hardfp_atan2f   m_wm.l(atan2f.o)
    0x0800a53c   0x0800a53c   0x0000007a   Code   RO        12753    i.__hardfp_sqrt     m_wm.l(sqrt.o)
    0x0800a5b6   0x0800a5b6   0x0000003a   Code   RO        12765    i.__hardfp_sqrtf    m_wm.l(sqrtf.o)
    0x0800a5f0   0x0800a5f0   0x00000006   Code   RO        12888    i.__mathlib_flt_infnan  m_wm.l(funder.o)
    0x0800a5f6   0x0800a5f6   0x00000006   Code   RO        12889    i.__mathlib_flt_infnan2  m_wm.l(funder.o)
    0x0800a5fc   0x0800a5fc   0x00000010   Code   RO        12890    i.__mathlib_flt_invalid  m_wm.l(funder.o)
    0x0800a60c   0x0800a60c   0x00000010   Code   RO        12893    i.__mathlib_flt_underflow  m_wm.l(funder.o)
    0x0800a61c   0x0800a61c   0x000001d0   Code   RO        12517    i.accel_comple_filter  AHRS.lib(ahrs.o)
    0x0800a7ec   0x0800a7ec   0x0000018c   Code   RO        12518    i.accel_update_kp_ki  AHRS.lib(ahrs.o)
    0x0800a978   0x0800a978   0x0000016c   Code   RO        12519    i.angle_to_quat     AHRS.lib(ahrs.o)
    0x0800aae4   0x0800aae4   0x00000084   Code   RO        10251    i.arm_cos_f32       fastmathfunctions.o
    0x0800ab68   0x0800ab68   0x00000080   Code   RO        10254    i.arm_sin_f32       fastmathfunctions.o
    0x0800abe8   0x0800abe8   0x00000128   Code   RO         1913    i.bmi088_accel_init  bmi088driver.o
    0x0800ad10   0x0800ad10   0x000002c0   Code   RO         1914    i.bmi088_accel_self_test  bmi088driver.o
    0x0800afd0   0x0800afd0   0x000000dc   Code   RO         1915    i.bmi088_gyro_init  bmi088driver.o
    0x0800b0ac   0x0800b0ac   0x000000ca   Code   RO         1916    i.bmi088_gyro_self_test  bmi088driver.o
    0x0800b176   0x0800b176   0x00000002   PAD
    0x0800b178   0x0800b178   0x00000058   Code   RO          282    i.can_filter_init   bsp_can.o
    0x0800b1d0   0x0800b1d0   0x00000028   Code   RO           13    i.delay_init        bsp_delay.o
    0x0800b1f8   0x0800b1f8   0x00000034   Code   RO           15    i.delay_us          bsp_delay.o
    0x0800b22c   0x0800b22c   0x00000050   Code   RO          721    i.detect_hook       detect_task.o
    0x0800b27c   0x0800b27c   0x0000007c   Code   RO          439    i.encoder_solve     bsp_tim.o
    0x0800b2f8   0x0800b2f8   0x0000002c   Code   RO         1526    i.fifo_s_get        fifo.o
    0x0800b324   0x0800b324   0x00000016   Code   RO         1529    i.fifo_s_init       fifo.o
    0x0800b33a   0x0800b33a   0x0000007c   Code   RO         1535    i.fifo_s_puts       fifo.o
    0x0800b3b6   0x0800b3b6   0x00000004   Code   RO         1537    i.fifo_s_used       fifo.o
    0x0800b3ba   0x0800b3ba   0x00000028   Code   RO          283    i.float_to_uint     bsp_can.o
    0x0800b3e2   0x0800b3e2   0x00000002   PAD
    0x0800b3e4   0x0800b3e4   0x0000002c   Code   RO         1847    i.get_CRC16_check_sum  crc8_crc16.o
    0x0800b410   0x0800b410   0x0000001c   Code   RO         1848    i.get_CRC8_check_sum  crc8_crc16.o
    0x0800b42c   0x0800b42c   0x000000e8   Code   RO        12520    i.get_angle         AHRS.lib(ahrs.o)
    0x0800b514   0x0800b514   0x000000dc   Code   RO          555    i.imu_cali_slove    ins_task.o
    0x0800b5f0   0x0800b5f0   0x000000fc   Code   RO          556    i.imu_cmd_spi_dma   ins_task.o
    0x0800b6ec   0x0800b6ec   0x0000000c   Code   RO          175    i.imu_pwm_set       bsp_imu_pwm.o
    0x0800b6f8   0x0800b6f8   0x0000007c   Code   RO          557    i.imu_temp_control  ins_task.o
    0x0800b774   0x0800b774   0x00000074   Code   RO         1734    i.init_referee_struct_data  referee.o
    0x0800b7e8   0x0800b7e8   0x00000002   Code   RO         2147    i.ist8310_GPIO_init  ist8310driver_middleware.o
    0x0800b7ea   0x0800b7ea   0x00000002   PAD
    0x0800b7ec   0x0800b7ec   0x00000024   Code   RO         2149    i.ist8310_IIC_read_single_reg  ist8310driver_middleware.o
    0x0800b810   0x0800b810   0x00000024   Code   RO         2151    i.ist8310_IIC_write_single_reg  ist8310driver_middleware.o
    0x0800b834   0x0800b834   0x00000010   Code   RO         2152    i.ist8310_RST_H     ist8310driver_middleware.o
    0x0800b844   0x0800b844   0x00000010   Code   RO         2153    i.ist8310_RST_L     ist8310driver_middleware.o
    0x0800b854   0x0800b854   0x00000002   Code   RO         2154    i.ist8310_com_init  ist8310driver_middleware.o
    0x0800b856   0x0800b856   0x00000004   Code   RO         2155    i.ist8310_delay_ms  ist8310driver_middleware.o
    0x0800b85a   0x0800b85a   0x00000002   PAD
    0x0800b85c   0x0800b85c   0x00000080   Code   RO         2112    i.ist8310_init      ist8310driver.o
    0x0800b8dc   0x0800b8dc   0x000000a8   Code   RO         2229    i.main              main.o
    0x0800b984   0x0800b984   0x0000000c   Code   RO         8570    i.makeFreeRtosPriority  cmsis_os.o
    0x0800b990   0x0800b990   0x00000078   Code   RO         1044    i.motion_frame_update  usb_task.o
    0x0800ba08   0x0800ba08   0x00000010   Code   RO         8572    i.osDelay           cmsis_os.o
    0x0800ba18   0x0800ba18   0x0000000a   Code   RO         8575    i.osKernelStart     cmsis_os.o
    0x0800ba22   0x0800ba22   0x0000005c   Code   RO         8609    i.osThreadCreate    cmsis_os.o
    0x0800ba7e   0x0800ba7e   0x00000002   PAD
    0x0800ba80   0x0800ba80   0x00000024   Code   RO         8037    i.pcTaskGetName     tasks.o
    0x0800baa4   0x0800baa4   0x00000080   Code   RO         8038    i.prvAddCurrentTaskToDelayedList  tasks.o
    0x0800bb24   0x0800bb24   0x00000088   Code   RO         8039    i.prvAddNewTaskToReadyList  tasks.o
    0x0800bbac   0x0800bbac   0x0000005c   Code   RO         8402    i.prvCheckForValidListAndQueue  timers.o
    0x0800bc08   0x0800bc08   0x00000040   Code   RO         8040    i.prvCheckTasksWaitingTermination  tasks.o
    0x0800bc48   0x0800bc48   0x00000024   Code   RO         7691    i.prvCopyDataFromQueue  queue.o
    0x0800bc6c   0x0800bc6c   0x0000006e   Code   RO         7692    i.prvCopyDataToQueue  queue.o
    0x0800bcda   0x0800bcda   0x00000040   Code   RO         8041    i.prvDeleteTCB      tasks.o
    0x0800bd1a   0x0800bd1a   0x00000002   PAD
    0x0800bd1c   0x0800bd1c   0x00000024   Code   RO         8403    i.prvGetNextExpireTime  timers.o
    0x0800bd40   0x0800bd40   0x00000050   Code   RO         8949    i.prvHeapInit       heap_4.o
    0x0800bd90   0x0800bd90   0x00000028   Code   RO         8042    i.prvIdleTask       tasks.o
    0x0800bdb8   0x0800bdb8   0x00000018   Code   RO         7695    i.prvInitialiseNewQueue  queue.o
    0x0800bdd0   0x0800bdd0   0x00000098   Code   RO         8043    i.prvInitialiseNewTask  tasks.o
    0x0800be68   0x0800be68   0x00000060   Code   RO         8044    i.prvInitialiseTaskLists  tasks.o
    0x0800bec8   0x0800bec8   0x0000005c   Code   RO         8950    i.prvInsertBlockIntoFreeList  heap_4.o
    0x0800bf24   0x0800bf24   0x00000048   Code   RO         8405    i.prvInsertTimerInActiveList  timers.o
    0x0800bf6c   0x0800bf6c   0x0000001a   Code   RO         7696    i.prvIsQueueEmpty   queue.o
    0x0800bf86   0x0800bf86   0x0000001e   Code   RO         7697    i.prvIsQueueFull    queue.o
    0x0800bfa4   0x0800bfa4   0x00000068   Code   RO         8406    i.prvProcessExpiredTimer  timers.o
    0x0800c00c   0x0800c00c   0x00000110   Code   RO         8407    i.prvProcessReceivedCommands  timers.o
    0x0800c11c   0x0800c11c   0x0000006c   Code   RO         8408    i.prvProcessTimerOrBlockTask  timers.o
    0x0800c188   0x0800c188   0x00000024   Code   RO         8045    i.prvResetNextTaskUnblockTime  tasks.o
    0x0800c1ac   0x0800c1ac   0x0000002c   Code   RO         8409    i.prvSampleTimeNow  timers.o
    0x0800c1d8   0x0800c1d8   0x0000006e   Code   RO         8046    i.prvSearchForNameWithinSingleList  tasks.o
    0x0800c246   0x0800c246   0x00000002   PAD
    0x0800c248   0x0800c248   0x00000078   Code   RO         8410    i.prvSwitchTimerLists  timers.o
    0x0800c2c0   0x0800c2c0   0x00000030   Code   RO         9006    i.prvTaskExitError  port.o
    0x0800c2f0   0x0800c2f0   0x00000014   Code   RO         8411    i.prvTimerTask      timers.o
    0x0800c304   0x0800c304   0x00000068   Code   RO         7698    i.prvUnlockQueue    queue.o
    0x0800c36c   0x0800c36c   0x000000e8   Code   RO         8951    i.pvPortMalloc      heap_4.o
    0x0800c454   0x0800c454   0x0000002c   Code   RO         9007    i.pxPortInitialiseStack  port.o
    0x0800c480   0x0800c480   0x00000084   Code   RO        12525    i.quat_normalization  AHRS.lib(ahrs.o)
    0x0800c504   0x0800c504   0x00000128   Code   RO         1735    i.referee_data_solve  referee.o
    0x0800c62c   0x0800c62c   0x00000104   Code   RO         1150    i.referee_unpack_fifo_data  referee_task.o
    0x0800c730   0x0800c730   0x00000010   Code   RO         1420    i.remote_control_init  remote_control.o
    0x0800c740   0x0800c740   0x000000b4   Code   RO         1421    i.sbus_to_rc        remote_control.o
    0x0800c7f4   0x0800c7f4   0x0000003e   Code   RO        12767    i.sqrtf             m_wm.l(sqrtf.o)
    0x0800c832   0x0800c832   0x00000028   Code   RO          284    i.uint_to_float     bsp_can.o
    0x0800c85a   0x0800c85a   0x00000002   PAD
    0x0800c85c   0x0800c85c   0x00000068   Code   RO         8050    i.ulTaskNotifyTake  tasks.o
    0x0800c8c4   0x0800c8c4   0x0000007a   Code   RO        12526    i.update_w          AHRS.lib(ahrs.o)
    0x0800c93e   0x0800c93e   0x00000002   PAD
    0x0800c940   0x0800c940   0x000000b8   Code   RO          391    i.usart6_init       bsp_usart.o
    0x0800c9f8   0x0800c9f8   0x00000026   Code   RO         7651    i.uxListRemove      list.o
    0x0800ca1e   0x0800ca1e   0x00000002   PAD
    0x0800ca20   0x0800ca20   0x00000014   Code   RO         2319    i.vApplicationGetIdleTaskMemory  freertos.o
    0x0800ca34   0x0800ca34   0x00000018   Code   RO         2320    i.vApplicationGetTimerTaskMemory  freertos.o
    0x0800ca4c   0x0800ca4c   0x00000016   Code   RO         7652    i.vListInitialise   list.o
    0x0800ca62   0x0800ca62   0x00000006   Code   RO         7653    i.vListInitialiseItem  list.o
    0x0800ca68   0x0800ca68   0x00000036   Code   RO         7654    i.vListInsert       list.o
    0x0800ca9e   0x0800ca9e   0x00000018   Code   RO         7655    i.vListInsertEnd    list.o
    0x0800cab6   0x0800cab6   0x00000002   PAD
    0x0800cab8   0x0800cab8   0x00000040   Code   RO         9009    i.vPortEnterCritical  port.o
    0x0800caf8   0x0800caf8   0x0000002c   Code   RO         9010    i.vPortExitCritical  port.o
    0x0800cb24   0x0800cb24   0x00000064   Code   RO         8952    i.vPortFree         heap_4.o
    0x0800cb88   0x0800cb88   0x00000024   Code   RO         9011    i.vPortSetupTimerInterrupt  port.o
    0x0800cbac   0x0800cbac   0x00000054   Code   RO         9012    i.vPortValidateInterruptPriority  port.o
    0x0800cc00   0x0800cc00   0x00000028   Code   RO         7702    i.vQueueAddToRegistry  queue.o
    0x0800cc28   0x0800cc28   0x0000004a   Code   RO         7705    i.vQueueWaitForMessageRestricted  queue.o
    0x0800cc72   0x0800cc72   0x00000002   PAD
    0x0800cc74   0x0800cc74   0x00000050   Code   RO         8057    i.vTaskDelay        tasks.o
    0x0800ccc4   0x0800ccc4   0x00000010   Code   RO         8061    i.vTaskInternalSetTimeOutState  tasks.o
    0x0800ccd4   0x0800ccd4   0x0000000c   Code   RO         8062    i.vTaskMissedYield  tasks.o
    0x0800cce0   0x0800cce0   0x000000bc   Code   RO         8063    i.vTaskNotifyGiveFromISR  tasks.o
    0x0800cd9c   0x0800cd9c   0x00000034   Code   RO         8064    i.vTaskPlaceOnEventList  tasks.o
    0x0800cdd0   0x0800cdd0   0x0000003c   Code   RO         8065    i.vTaskPlaceOnEventListRestricted  tasks.o
    0x0800ce0c   0x0800ce0c   0x00000090   Code   RO         8072    i.vTaskStartScheduler  tasks.o
    0x0800ce9c   0x0800ce9c   0x00000010   Code   RO         8074    i.vTaskSuspendAll   tasks.o
    0x0800ceac   0x0800ceac   0x00000060   Code   RO         8075    i.vTaskSwitchContext  tasks.o
    0x0800cf0c   0x0800cf0c   0x00000030   Code   RO         1045    i.velocity_update   usb_task.o
    0x0800cf3c   0x0800cf3c   0x0000003c   Code   RO         1849    i.verify_CRC16_check_sum  crc8_crc16.o
    0x0800cf78   0x0800cf78   0x00000026   Code   RO         1850    i.verify_CRC8_check_sum  crc8_crc16.o
    0x0800cf9e   0x0800cf9e   0x00000002   PAD
    0x0800cfa0   0x0800cfa0   0x00000104   Code   RO         9013    i.xPortStartScheduler  port.o
    0x0800d0a4   0x0800d0a4   0x00000070   Code   RO         7709    i.xQueueGenericCreateStatic  queue.o
    0x0800d114   0x0800d114   0x00000090   Code   RO         7710    i.xQueueGenericReset  queue.o
    0x0800d1a4   0x0800d1a4   0x00000170   Code   RO         7711    i.xQueueGenericSend  queue.o
    0x0800d314   0x0800d314   0x000000be   Code   RO         7712    i.xQueueGenericSendFromISR  queue.o
    0x0800d3d2   0x0800d3d2   0x00000002   PAD
    0x0800d3d4   0x0800d3d4   0x00000148   Code   RO         7720    i.xQueueReceive     queue.o
    0x0800d51c   0x0800d51c   0x00000098   Code   RO         8078    i.xTaskCheckForTimeOut  tasks.o
    0x0800d5b4   0x0800d5b4   0x0000006c   Code   RO         8079    i.xTaskCreate       tasks.o
    0x0800d620   0x0800d620   0x00000060   Code   RO         8080    i.xTaskCreateStatic  tasks.o
    0x0800d680   0x0800d680   0x0000008c   Code   RO         8084    i.xTaskGetHandle    tasks.o
    0x0800d70c   0x0800d70c   0x0000001c   Code   RO         8085    i.xTaskGetSchedulerState  tasks.o
    0x0800d728   0x0800d728   0x0000000c   Code   RO         8086    i.xTaskGetTickCount  tasks.o
    0x0800d734   0x0800d734   0x000000d4   Code   RO         8088    i.xTaskIncrementTick  tasks.o
    0x0800d808   0x0800d808   0x0000009c   Code   RO         8091    i.xTaskPriorityDisinherit  tasks.o
    0x0800d8a4   0x0800d8a4   0x00000078   Code   RO         8093    i.xTaskRemoveFromEventList  tasks.o
    0x0800d91c   0x0800d91c   0x000000cc   Code   RO         8094    i.xTaskResumeAll    tasks.o
    0x0800d9e8   0x0800d9e8   0x00000068   Code   RO         8418    i.xTimerCreateTimerTask  timers.o
    0x0800da50   0x0800da50   0x00000074   Code   RO         8419    i.xTimerGenericCommand  timers.o
    0x0800dac4   0x0800dac4   0x00000062   Code   RO        12693    x$fpl$d2f           fz_wm.l(d2f.o)
    0x0800db26   0x0800db26   0x00000002   PAD
    0x0800db28   0x0800db28   0x00000150   Code   RO        12695    x$fpl$dadd          fz_wm.l(daddsub_clz.o)
    0x0800dc78   0x0800dc78   0x000002b0   Code   RO        12702    x$fpl$ddiv          fz_wm.l(ddiv.o)
    0x0800df28   0x0800df28   0x00000154   Code   RO        12707    x$fpl$dmul          fz_wm.l(dmul.o)
    0x0800e07c   0x0800e07c   0x0000009c   Code   RO        12874    x$fpl$dnaninf       fz_wm.l(dnaninf.o)
    0x0800e118   0x0800e118   0x0000000c   Code   RO        12876    x$fpl$dretinf       fz_wm.l(dretinf.o)
    0x0800e124   0x0800e124   0x00000198   Code   RO        12878    x$fpl$dsqrt         fz_wm.l(dsqrt_umaal.o)
    0x0800e2bc   0x0800e2bc   0x000001d4   Code   RO        12697    x$fpl$dsub          fz_wm.l(daddsub_clz.o)
    0x0800e490   0x0800e490   0x00000056   Code   RO        12711    x$fpl$f2d           fz_wm.l(f2d.o)
    0x0800e4e6   0x0800e4e6   0x0000008c   Code   RO        12880    x$fpl$fnaninf       fz_wm.l(fnaninf.o)
    0x0800e572   0x0800e572   0x0000000a   Code   RO        12948    x$fpl$fpinit        fz_wm.l(fpinit.o)
    0x0800e57c   0x0800e57c   0x0000000a   Code   RO        12882    x$fpl$fretinf       fz_wm.l(fretinf.o)
    0x0800e586   0x0800e586   0x00000000   Code   RO        12884    x$fpl$usenofp       fz_wm.l(usenofp.o)
    0x0800e586   0x0800e586   0x00000002   PAD
    0x0800e588   0x0800e588   0x0000000c   Data   RO          562    .constdata          ins_task.o
    0x0800e594   0x0800e594   0x0000000c   Data   RO          859    .constdata          chassis_task.o
    0x0800e5a0   0x0800e5a0   0x00000078   Data   RO          948    .constdata          shoot_task.o
    0x0800e618   0x0800e618   0x00000030   Data   RO         1221    .constdata          gantry_task.o
    0x0800e648   0x0800e648   0x00000300   Data   RO         1852    .constdata          crc8_crc16.o
    0x0800e948   0x0800e948   0x00000012   Data   RO         1921    .constdata          bmi088driver.o
    0x0800e95a   0x0800e95a   0x0000000c   Data   RO         2115    .constdata          ist8310driver.o
    0x0800e966   0x0800e966   0x00000002   PAD
    0x0800e968   0x0800e968   0x000000e0   Data   RO         2322    .constdata          freertos.o
    0x0800ea48   0x0800ea48   0x00000008   Data   RO         4518    .constdata          stm32f4xx_hal_dma.o
    0x0800ea50   0x0800ea50   0x00000010   Data   RO         7514    .constdata          system_stm32f4xx.o
    0x0800ea60   0x0800ea60   0x00000008   Data   RO         7515    .constdata          system_stm32f4xx.o
    0x0800ea68   0x0800ea68   0x00000804   Data   RO         9885    .constdata          commontables.o
    0x0800f26c   0x0800f26c   0x0000000c   Data   RO        12527    .constdata          AHRS.lib(ahrs.o)
    0x0800f278   0x0800f278   0x00000068   Data   RO         2323    .conststring        freertos.o
    0x0800f2e0   0x0800f2e0   0x00000020   Data   RO        13037    Region$$Table       anon$$obj.o


    Execution Region RW_IRAM2 (Exec base: 0x10000000, Load base: 0x0800f430, Size: 0x00000000, Max: 0x00010000, ABSOLUTE)

    **** No section assigned to this execution region ****


    Execution Region RW_IRAM1 (Exec base: 0x20000000, Load base: 0x0800f300, Size: 0x0000ea50, Max: 0x00020000, ABSOLUTE, COMPRESSED[0x00000130])

    Exec Addr    Load Addr    Size         Type   Attr      Idx    E Section Name        Object

    0x20000000   COMPRESSED   0x00000008   Data   RW           16    .data               bsp_delay.o
    0x20000008   COMPRESSED   0x00000009   Data   RW          288    .data               bsp_can.o
    0x20000011   COMPRESSED   0x00000003   PAD
    0x20000014   COMPRESSED   0x00000010   Data   RW          440    .data               bsp_tim.o
    0x20000024   COMPRESSED   0x000000a4   Data   RW          564    .data               ins_task.o
    0x200000c8   COMPRESSED   0x00000004   Data   RW          770    .data               led_task.o
    0x200000cc   COMPRESSED   0x00000008   Data   RW          860    .data               chassis_task.o
    0x200000d4   COMPRESSED   0x00000010   Data   RW          949    .data               shoot_task.o
    0x200000e4   COMPRESSED   0x00000004   Data   RW         1048    .data               usb_task.o
    0x200000e8   COMPRESSED   0x00000002   Data   RW         1152    .data               referee_task.o
    0x200000ea   COMPRESSED   0x00000002   PAD
    0x200000ec   COMPRESSED   0x00000010   Data   RW         1222    .data               gantry_task.o
    0x200000fc   COMPRESSED   0x0000000a   Data   RW         1426    .data               remote_control.o
    0x20000106   COMPRESSED   0x00000027   Data   RW         1737    .data               referee.o
    0x2000012d   COMPRESSED   0x00000001   PAD
    0x2000012e   COMPRESSED   0x00000002   Data   RW         1853    .data               crc8_crc16.o
    0x20000130   COMPRESSED   0x0000002c   Data   RW         1922    .data               bmi088driver.o
    0x2000015c   COMPRESSED   0x00000020   Data   RW         2324    .data               freertos.o
    0x2000017c   COMPRESSED   0x00000004   Data   RW         2438    .data               can.o
    0x20000180   COMPRESSED   0x0000001c   Data   RW         2970    .data               usbd_desc.o
    0x2000019c   COMPRESSED   0x00000032   Data   RW         2971    .data               usbd_desc.o
    0x200001ce   COMPRESSED   0x00000002   PAD
    0x200001d0   COMPRESSED   0x00000014   Data   RW         3041    .data               usbd_cdc_if.o
    0x200001e4   COMPRESSED   0x0000000c   Data   RW         4945    .data               stm32f4xx_hal.o
    0x200001f0   COMPRESSED   0x00000004   Data   RW         7516    .data               system_stm32f4xx.o
    0x200001f4   COMPRESSED   0x0000003c   Data   RW         8097    .data               tasks.o
    0x20000230   COMPRESSED   0x00000014   Data   RW         8427    .data               timers.o
    0x20000244   COMPRESSED   0x00000020   Data   RW         8958    .data               heap_4.o
    0x20000264   COMPRESSED   0x0000000c   Data   RW         9014    .data               port.o
    0x20000270   COMPRESSED   0x00000001   Data   RW         9236    .data               usbd_ctlreq.o
    0x20000271   COMPRESSED   0x00000003   PAD
    0x20000274   COMPRESSED   0x000000d7   Data   RW         9395    .data               usbd_cdc.o
    0x2000034b   COMPRESSED   0x00000001   PAD
    0x2000034c   COMPRESSED   0x00000038   Data   RW         9396    .data               usbd_cdc.o
    0x20000384   COMPRESSED   0x00000010   Data   RW        12528    .data               AHRS.lib(ahrs.o)
    0x20000394        -       0x000000bc   Zero   RW          285    .bss                bsp_can.o
    0x20000450        -       0x0000014c   Zero   RW          559    .bss                ins_task.o
    0x2000059c        -       0x000001f8   Zero   RW          726    .bss                detect_task.o
    0x20000794        -       0x000001c4   Zero   RW          858    .bss                chassis_task.o
    0x20000958        -       0x0000068c   Zero   RW          946    .bss                shoot_task.o
    0x20000fe4        -       0x0000001a   Zero   RW         1046    .bss                usb_task.o
    0x20000ffe        -       0x0000000a   Zero   RW         1047    .bss                usb_task.o
    0x20001008        -       0x000008a1   Zero   RW         1151    .bss                referee_task.o
    0x200018a9   COMPRESSED   0x00000003   PAD
    0x200018ac        -       0x00000374   Zero   RW         1219    .bss                gantry_task.o
    0x20001c20        -       0x0000038c   Zero   RW         1220    .bss                gantry_task.o
    0x20001fac        -       0x0000005e   Zero   RW         1425    .bss                remote_control.o
    0x2000200a        -       0x00000063   Zero   RW         1736    .bss                referee.o
    0x2000206d   COMPRESSED   0x00000003   PAD
    0x20002070        -       0x000006a8   Zero   RW         2321    .bss                freertos.o
    0x20002718        -       0x00000050   Zero   RW         2437    .bss                can.o
    0x20002768        -       0x00000054   Zero   RW         2509    .bss                i2c.o
    0x200027bc        -       0x00000118   Zero   RW         2551    .bss                spi.o
    0x200028d4        -       0x000001b0   Zero   RW         2599    .bss                tim.o
    0x20002a84        -       0x000001ec   Zero   RW         2673    .bss                usart.o
    0x20002c70        -       0x000002d0   Zero   RW         2724    .bss                usb_device.o
    0x20002f40        -       0x00000628   Zero   RW         2785    .bss                usbd_conf.o
    0x20003568        -       0x00000200   Zero   RW         2969    .bss                usbd_desc.o
    0x20003768        -       0x00001000   Zero   RW         3040    .bss                usbd_cdc_if.o
    0x20004768        -       0x00000048   Zero   RW         3281    .bss                stm32f4xx_hal_timebase_tim.o
    0x200047b0        -       0x00000040   Zero   RW         7723    .bss                queue.o
    0x200047f0        -       0x000000f0   Zero   RW         8096    .bss                tasks.o
    0x200048e0        -       0x00000110   Zero   RW         8426    .bss                timers.o
    0x200049f0        -       0x00006000   Zero   RW         8957    .bss                heap_4.o
    0x2000a9f0        -       0x00000060   Zero   RW        12907    .bss                c_w.l(libspace.o)
    0x2000aa50        -       0x00002000   Zero   RW            2    HEAP                startup_stm32f407xx.o
    0x2000ca50        -       0x00002000   Zero   RW            1    STACK               startup_stm32f407xx.o


==============================================================================

Image component sizes


      Code (inc. data)   RO Data    RW Data    ZI Data      Debug   Object Name

        70          6          0          0          0       5484   ahrs_middleware.o
      2158         32         18         44          0      10755   bmi088driver.o
       108         28          0          0          0       4624   bmi088middleware.o
      1068         74          0          9        188       9553   bsp_can.o
        92         18          0          8          0     606744   bsp_delay.o
        12          4          0          0          0        510   bsp_imu_pwm.o
        96         12          0          0          0       1042   bsp_rc.o
      4964         74          0          0          0       2438   bsp_spi.o
       124         26          0         16          0     718657   bsp_tim.o
       184         24          0          0          0       1149   bsp_usart.o
       388         42          0          4         80       2518   can.o
      1168        120         12          8        452      22302   chassis_task.o
       130          0          0          0          0      23051   cmsis_os.o
         0          0       2052          0          0       8710   commontables.o
       170         16        768          2          0       3723   crc8_crc16.o
        80          6          0          0        504       1329   detect_task.o
       124          4          0          0          0        854   dma.o
         0          0          0          0          0      19748   event_groups.o
       260         28          0          0          0       1628   fastmathfunctions.o
       194          0          0          0          0       9517   fifo.o
       236         18        328         32       1704       9040   freertos.o
      1044        138         48         16       1792       8661   gantry_task.o
       484         30          0          0          0       1263   gpio.o
       504         32          0         32      24576       5111   heap_4.o
       200         32          0          0         84       1753   i2c.o
      2084        148         12        164        332      24433   ins_task.o
       128          6         12          0          0       1939   ist8310driver.o
       112         22          0          0          0       3859   ist8310driver_middleware.o
        48         12          0          4          0      25751   led_task.o
       144          0          0          0          0       3674   list.o
       348         36          0          0          0       2940   main.o
       388          8          0          0          0     584766   pid.o
       814         92          0         12          0      12177   port.o
      1586         24          0          0         64      17888   queue.o
       412         18          0         39         99       8455   referee.o
       464         44          0          2       2209       5497   referee_task.o
       448         38          0         10         94       5344   remote_control.o
      2468        236        120         16       1676      14466   shoot_task.o
       324         34          0          0        280       1939   spi.o
        64         26        392          0      16384        852   startup_stm32f407xx.o
       116         18          0         12          0       8822   stm32f4xx_hal.o
      1638          6          0          0          0      14579   stm32f4xx_hal_can.o
       158         14          0          0          0      33170   stm32f4xx_hal_cortex.o
       752         16          8          0          0       4148   stm32f4xx_hal_dma.o
       546         52          0          0          0       3544   stm32f4xx_hal_gpio.o
      2174         52          0          0          0      13150   stm32f4xx_hal_i2c.o
        56          4          0          0          0        870   stm32f4xx_hal_msp.o
      2308         14          0          0          0      12981   stm32f4xx_hal_pcd.o
        78          0          0          0          0       2465   stm32f4xx_hal_pcd_ex.o
      1424         92          0          0          0       6505   stm32f4xx_hal_rcc.o
       942         12          0          0          0       4993   stm32f4xx_hal_spi.o
      2366        174          0          0          0      19756   stm32f4xx_hal_tim.o
       148         28          0          0          0       2517   stm32f4xx_hal_tim_ex.o
       116         14          0          0         72       1447   stm32f4xx_hal_timebase_tim.o
       366         10          0          0          0       2052   stm32f4xx_hal_uart.o
       160         58          0          0          0       9105   stm32f4xx_it.o
      2690        132          0          0          0      23578   stm32f4xx_ll_usb.o
        16          4         24          4          0       1155   system_stm32f4xx.o
      2858        238          0         60        240      33439   tasks.o
      1144        114          0          0        432       6227   tim.o
      1088         94          0         20        272      31115   timers.o
       660         74          0          0        492       3544   usart.o
        84         18          0          0        720        808   usb_device.o
       212         30          0          4         36       3821   usb_task.o
       932         16          0        271          0      14281   usbd_cdc.o
       144         28          0         20       4096       3958   usbd_cdc_if.o
       644         24          0          0       1576      16412   usbd_conf.o
       790          0          0          0          0      13613   usbd_core.o
      1796         28          0          1          0      17692   usbd_ctlreq.o
       288        104          0         78        512       6077   usbd_desc.o
       132          0          0          0          0       4632   usbd_ioreq.o
         8          0          0          0          0        496   user_task.o

    ----------------------------------------------------------------------
     50596       2976       3828        900      58972    2515096   Object Totals
         0          0         32          0          0          0   (incl. Generated)
        72          0          2         12          6          0   (incl. Padding)

    ----------------------------------------------------------------------

      Code (inc. data)   RO Data    RW Data    ZI Data      Debug   Library Member Name

      2718         84         12         16          0       9922   ahrs.o
        90          0          0          0          0          0   __dczerorl2.o
         8          0          0          0          0         68   __main.o
         0          0          0          0          0          0   __rtentry.o
        12          0          0          0          0          0   __rtentry2.o
         6          0          0          0          0          0   __rtentry4.o
        52          8          0          0          0          0   __scatter.o
        28          0          0          0          0          0   __scatter_zi.o
        22          0          0          0          0        100   _rserrno.o
        16          0          0          0          0         68   aeabi_memset.o
        18          0          0          0          0         80   exit.o
         6          0          0          0          0        152   heapauxi.o
         0          0          0          0          0          0   indicate_semi.o
         2          0          0          0          0          0   libinit.o
         6          0          0          0          0          0   libinit2.o
         2          0          0          0          0          0   libshutdown.o
         2          0          0          0          0          0   libshutdown2.o
         8          4          0          0         96         68   libspace.o
       238          0          0          0          0        100   lludivv7m.o
         8          4          0          0          0         68   rt_errno_addr_intlibspace.o
        68          0          0          0          0         68   rt_memclr.o
        78          0          0          0          0         80   rt_memclr_w.o
       138          0          0          0          0         68   rt_memcpy_v6.o
       100          0          0          0          0         80   rt_memcpy_w.o
         2          0          0          0          0          0   rtexit.o
        10          0          0          0          0          0   rtexit2.o
        62          0          0          0          0         76   strlen.o
        12          4          0          0          0         68   sys_exit.o
        74          0          0          0          0         80   sys_stackheap_outer.o
         2          0          0          0          0         68   use_no_semi.o
        98          4          0          0          0        140   d2f.o
       804         16          0          0          0        368   daddsub_clz.o
       688        140          0          0          0        256   ddiv.o
       340         12          0          0          0        152   dmul.o
       156          4          0          0          0        140   dnaninf.o
        12          0          0          0          0        116   dretinf.o
       408         56          0          0          0        168   dsqrt_umaal.o
        86          4          0          0          0        132   f2d.o
       140          4          0          0          0        132   fnaninf.o
        10          0          0          0          0        116   fpinit.o
        10          0          0          0          0        116   fretinf.o
         0          0          0          0          0          0   usenofp.o
       300         42          0          0          0        176   asinf.o
       592         90          0          0          0        184   atan2f.o
        38          0          0          0          0        116   fpclassifyf.o
        44         12          0          0          0        464   funder.o
       122          0          0          0          0        148   sqrt.o
       120          0          0          0          0        272   sqrtf.o

    ----------------------------------------------------------------------
      7772        488         12         16         96      14410   Library Totals
        16          0          0          0          0          0   (incl. Padding)

    ----------------------------------------------------------------------

      Code (inc. data)   RO Data    RW Data    ZI Data      Debug   Library Name

      2718         84         12         16          0       9922   AHRS.lib
      1070         20          0          0         96       1292   c_w.l
      2752        240          0          0          0       1836   fz_wm.l
      1216        144          0          0          0       1360   m_wm.l

    ----------------------------------------------------------------------
      7772        488         12         16         96      14410   Library Totals

    ----------------------------------------------------------------------

==============================================================================


      Code (inc. data)   RO Data    RW Data    ZI Data      Debug   

     58368       3464       3840        916      59068    2481782   Grand Totals
     58368       3464       3840        304      59068    2481782   ELF Image Totals (compressed)
     58368       3464       3840        304          0          0   ROM Totals

==============================================================================

    Total RO  Size (Code + RO Data)                62208 (  60.75kB)
    Total RW  Size (RW Data + ZI Data)             59984 (  58.58kB)
    Total ROM Size (Code + RO Data + RW Data)      62512 (  61.05kB)

==============================================================================

